  Determining projects to restore...
E:\Cs\Nalix\tests\Nalix.Common.Tests\Nalix.Common.Tests.csproj : warning NU1504: Duplicate 'PackageReference' items found. Remove the duplicate items or use the Update functionality to ensure a consistent restore behavior. The duplicate 'PackageReference' items are: Microsoft.NET.Test.Sdk 18.3.0, Microsoft.NET.Test.Sdk 17.14.1; xunit 2.9.3, xunit 2.9.3; xunit.runner.visualstudio 3.1.5, xunit.runner.visualstudio 3.1.4; coverlet.collector 6.0.4, coverlet.collector 6.0.4.
E:\Cs\Nalix\tests\Nalix.Logging.Tests\Nalix.Logging.Tests.csproj : warning NU1504: Duplicate 'PackageReference' items found. Remove the duplicate items or use the Update functionality to ensure a consistent restore behavior. The duplicate 'PackageReference' items are: Microsoft.NET.Test.Sdk 18.3.0, Microsoft.NET.Test.Sdk 17.14.1; xunit 2.9.3, xunit 2.9.3; xunit.runner.visualstudio 3.1.5, xunit.runner.visualstudio 3.1.4; coverlet.collector 6.0.4, coverlet.collector 6.0.4.
  All projects are up-to-date for restore.
E:\Cs\Nalix\tests\Nalix.Logging.Tests\Nalix.Logging.Tests.csproj : warning NU1504: Duplicate 'PackageReference' items found. Remove the duplicate items or use the Update functionality to ensure a consistent restore behavior. The duplicate 'PackageReference' items are: Microsoft.NET.Test.Sdk 18.3.0, Microsoft.NET.Test.Sdk 17.14.1; xunit 2.9.3, xunit 2.9.3; xunit.runner.visualstudio 3.1.5, xunit.runner.visualstudio 3.1.4; coverlet.collector 6.0.4, coverlet.collector 6.0.4.
E:\Cs\Nalix\tests\Nalix.Common.Tests\Nalix.Common.Tests.csproj : warning NU1504: Duplicate 'PackageReference' items found. Remove the duplicate items or use the Update functionality to ensure a consistent restore behavior. The duplicate 'PackageReference' items are: Microsoft.NET.Test.Sdk 18.3.0, Microsoft.NET.Test.Sdk 17.14.1; xunit 2.9.3, xunit 2.9.3; xunit.runner.visualstudio 3.1.5, xunit.runner.visualstudio 3.1.4; coverlet.collector 6.0.4, coverlet.collector 6.0.4.
  Nalix.Analyzers -> E:\Cs\Nalix\build\bin\Debug\Nalix.Analyzers.dll
  Nalix.Analyzers.CodeFixes -> E:\Cs\Nalix\build\bin\Debug\Nalix.Analyzers.CodeFixes.dll
  Nalix.Common -> E:\Cs\Nalix\build\bin\Debug\net10.0\Nalix.Common.dll
  Nalix.Analyzers.Tests -> E:\Cs\Nalix\tests\Nalix.Analyzers.Tests\bin\Debug\net10.0\Nalix.Analyzers.Tests.dll
  Nalix.Framework -> E:\Cs\Nalix\build\bin\Debug\net10.0\Nalix.Framework.dll
  Nalix.Runtime -> E:\Cs\Nalix\build\bin\Debug\net10.0\Nalix.Runtime.dll
  Nalix.Network -> E:\Cs\Nalix\build\bin\Debug\net10.0\Nalix.Network.dll
  Nalix.Logging -> E:\Cs\Nalix\src\Nalix.Logging\bin\Debug\net10.0\Nalix.Logging.dll
  Nalix.SDK -> E:\Cs\Nalix\build\bin\Debug\net10.0\Nalix.SDK.dll
  Nalix.Common.Tests -> E:\Cs\Nalix\tests\Nalix.Common.Tests\bin\Debug\net10.0\Nalix.Common.Tests.dll
  Nalix.Runtime.Tests -> E:\Cs\Nalix\tests\Nalix.Runtime.Tests\bin\Debug\net10.0\Nalix.Runtime.Tests.dll
  Nalix.Runtime.Pipeline.Tests -> E:\Cs\Nalix\tests\Nalix.Runtime.Pipeline.Tests\bin\Debug\net10.0\Nalix.Runtime.Pipeline.Tests.dll
  Nalix.Logging.Tests -> E:\Cs\Nalix\tests\Nalix.Logging.Tests\bin\Debug\net10.0\Nalix.Logging.Tests.dll
  Nalix.Network.Hosting -> E:\Cs\Nalix\src\Nalix.Network.Hosting\bin\Debug\net10.0\Nalix.Network.Hosting.dll
E:\Cs\Nalix\tests\Nalix.Framework.Tests\Extensions\ConnectionLoggingExtensionsTests.cs(30,20): error CS1061: 'ConnectionLoggingExtensionsTests.TestConnection' does not contain a definition for 'ThrottledWarn' and no accessible extension method 'ThrottledWarn' accepting a first argument of type 'ConnectionLoggingExtensionsTests.TestConnection' could be found (are you missing a using directive or an assembly reference?) [E:\Cs\Nalix\tests\Nalix.Framework.Tests\Nalix.Framework.Tests.csproj]
E:\Cs\Nalix\tests\Nalix.Framework.Tests\Extensions\ConnectionLoggingExtensionsTests.cs(31,20): error CS1061: 'ConnectionLoggingExtensionsTests.TestConnection' does not contain a definition for 'ThrottledWarn' and no accessible extension method 'ThrottledWarn' accepting a first argument of type 'ConnectionLoggingExtensionsTests.TestConnection' could be found (are you missing a using directive or an assembly reference?) [E:\Cs\Nalix\tests\Nalix.Framework.Tests\Nalix.Framework.Tests.csproj]
E:\Cs\Nalix\tests\Nalix.Framework.Tests\Extensions\ConnectionLoggingExtensionsTests.cs(45,20): error CS1061: 'ConnectionLoggingExtensionsTests.TestConnection' does not contain a definition for 'ThrottledWarn' and no accessible extension method 'ThrottledWarn' accepting a first argument of type 'ConnectionLoggingExtensionsTests.TestConnection' could be found (are you missing a using directive or an assembly reference?) [E:\Cs\Nalix\tests\Nalix.Framework.Tests\Nalix.Framework.Tests.csproj]
E:\Cs\Nalix\tests\Nalix.Framework.Tests\Extensions\ConnectionLoggingExtensionsTests.cs(46,20): error CS1061: 'ConnectionLoggingExtensionsTests.TestConnection' does not contain a definition for 'ThrottledWarn' and no accessible extension method 'ThrottledWarn' accepting a first argument of type 'ConnectionLoggingExtensionsTests.TestConnection' could be found (are you missing a using directive or an assembly reference?) [E:\Cs\Nalix\tests\Nalix.Framework.Tests\Nalix.Framework.Tests.csproj]
E:\Cs\Nalix\tests\Nalix.Framework.Tests\Extensions\ConnectionLoggingExtensionsTests.cs(54,20): error CS1061: 'ConnectionLoggingExtensionsTests.TestConnection' does not contain a definition for 'ThrottledWarn' and no accessible extension method 'ThrottledWarn' accepting a first argument of type 'ConnectionLoggingExtensionsTests.TestConnection' could be found (are you missing a using directive or an assembly reference?) [E:\Cs\Nalix\tests\Nalix.Framework.Tests\Nalix.Framework.Tests.csproj]
E:\Cs\Nalix\tests\Nalix.Framework.Tests\Extensions\ConnectionLoggingExtensionsTests.cs(67,20): error CS1061: 'ConnectionLoggingExtensionsTests.TestConnection' does not contain a definition for 'ThrottledError' and no accessible extension method 'ThrottledError' accepting a first argument of type 'ConnectionLoggingExtensionsTests.TestConnection' could be found (are you missing a using directive or an assembly reference?) [E:\Cs\Nalix\tests\Nalix.Framework.Tests\Nalix.Framework.Tests.csproj]
E:\Cs\Nalix\tests\Nalix.Framework.Tests\Extensions\ConnectionLoggingExtensionsTests.cs(80,9): error CS0103: The name 'ThrottleLogExtensions' does not exist in the current context [E:\Cs\Nalix\tests\Nalix.Framework.Tests\Nalix.Framework.Tests.csproj]
E:\Cs\Nalix\tests\Nalix.Framework.Tests\Extensions\ConnectionLoggingExtensionsTests.cs(94,24): error CS1061: 'ConnectionLoggingExtensionsTests.TestConnection' does not contain a definition for 'ThrottledWarn' and no accessible extension method 'ThrottledWarn' accepting a first argument of type 'ConnectionLoggingExtensionsTests.TestConnection' could be found (are you missing a using directive or an assembly reference?) [E:\Cs\Nalix\tests\Nalix.Framework.Tests\Nalix.Framework.Tests.csproj]
E:\Cs\Nalix\tests\Nalix.Framework.Tests\Extensions\ConnectionLoggingExtensionsTests.cs(95,24): error CS1061: 'ConnectionLoggingExtensionsTests.TestConnection' does not contain a definition for 'ThrottledTrace' and no accessible extension method 'ThrottledTrace' accepting a first argument of type 'ConnectionLoggingExtensionsTests.TestConnection' could be found (are you missing a using directive or an assembly reference?) [E:\Cs\Nalix\tests\Nalix.Framework.Tests\Nalix.Framework.Tests.csproj]
E:\Cs\Nalix\tests\Nalix.Framework.Tests\Extensions\ConnectionLoggingExtensionsTests.cs(96,24): error CS1061: 'ConnectionLoggingExtensionsTests.TestConnection' does not contain a definition for 'ThrottledError' and no accessible extension method 'ThrottledError' accepting a first argument of type 'ConnectionLoggingExtensionsTests.TestConnection' could be found (are you missing a using directive or an assembly reference?) [E:\Cs\Nalix\tests\Nalix.Framework.Tests\Nalix.Framework.Tests.csproj]
  Nalix.SDK.Tests -> E:\Cs\Nalix\tests\Nalix.SDK.Tests\bin\Debug\net10.0\Nalix.SDK.Tests.dll
E:\Cs\Nalix\tests\Nalix.Network.Test\AsyncCallbackDispatchTests.cs(58,20): error CS1061: 'Connection' does not contain a definition for 'InjectIncoming' and no accessible extension method 'InjectIncoming' accepting a first argument of type 'Connection' could be found (are you missing a using directive or an assembly reference?) [E:\Cs\Nalix\tests\Nalix.Network.Test\Nalix.Network.Tests.csproj]

Build FAILED.

E:\Cs\Nalix\tests\Nalix.Common.Tests\Nalix.Common.Tests.csproj : warning NU1504: Duplicate 'PackageReference' items found. Remove the duplicate items or use the Update functionality to ensure a consistent restore behavior. The duplicate 'PackageReference' items are: Microsoft.NET.Test.Sdk 18.3.0, Microsoft.NET.Test.Sdk 17.14.1; xunit 2.9.3, xunit 2.9.3; xunit.runner.visualstudio 3.1.5, xunit.runner.visualstudio 3.1.4; coverlet.collector 6.0.4, coverlet.collector 6.0.4.
E:\Cs\Nalix\tests\Nalix.Logging.Tests\Nalix.Logging.Tests.csproj : warning NU1504: Duplicate 'PackageReference' items found. Remove the duplicate items or use the Update functionality to ensure a consistent restore behavior. The duplicate 'PackageReference' items are: Microsoft.NET.Test.Sdk 18.3.0, Microsoft.NET.Test.Sdk 17.14.1; xunit 2.9.3, xunit 2.9.3; xunit.runner.visualstudio 3.1.5, xunit.runner.visualstudio 3.1.4; coverlet.collector 6.0.4, coverlet.collector 6.0.4.
E:\Cs\Nalix\tests\Nalix.Logging.Tests\Nalix.Logging.Tests.csproj : warning NU1504: Duplicate 'PackageReference' items found. Remove the duplicate items or use the Update functionality to ensure a consistent restore behavior. The duplicate 'PackageReference' items are: Microsoft.NET.Test.Sdk 18.3.0, Microsoft.NET.Test.Sdk 17.14.1; xunit 2.9.3, xunit 2.9.3; xunit.runner.visualstudio 3.1.5, xunit.runner.visualstudio 3.1.4; coverlet.collector 6.0.4, coverlet.collector 6.0.4.
E:\Cs\Nalix\tests\Nalix.Common.Tests\Nalix.Common.Tests.csproj : warning NU1504: Duplicate 'PackageReference' items found. Remove the duplicate items or use the Update functionality to ensure a consistent restore behavior. The duplicate 'PackageReference' items are: Microsoft.NET.Test.Sdk 18.3.0, Microsoft.NET.Test.Sdk 17.14.1; xunit 2.9.3, xunit 2.9.3; xunit.runner.visualstudio 3.1.5, xunit.runner.visualstudio 3.1.4; coverlet.collector 6.0.4, coverlet.collector 6.0.4.
E:\Cs\Nalix\tests\Nalix.Framework.Tests\Extensions\ConnectionLoggingExtensionsTests.cs(30,20): error CS1061: 'ConnectionLoggingExtensionsTests.TestConnection' does not contain a definition for 'ThrottledWarn' and no accessible extension method 'ThrottledWarn' accepting a first argument of type 'ConnectionLoggingExtensionsTests.TestConnection' could be found (are you missing a using directive or an assembly reference?) [E:\Cs\Nalix\tests\Nalix.Framework.Tests\Nalix.Framework.Tests.csproj]
E:\Cs\Nalix\tests\Nalix.Framework.Tests\Extensions\ConnectionLoggingExtensionsTests.cs(31,20): error CS1061: 'ConnectionLoggingExtensionsTests.TestConnection' does not contain a definition for 'ThrottledWarn' and no accessible extension method 'ThrottledWarn' accepting a first argument of type 'ConnectionLoggingExtensionsTests.TestConnection' could be found (are you missing a using directive or an assembly reference?) [E:\Cs\Nalix\tests\Nalix.Framework.Tests\Nalix.Framework.Tests.csproj]
E:\Cs\Nalix\tests\Nalix.Framework.Tests\Extensions\ConnectionLoggingExtensionsTests.cs(45,20): error CS1061: 'ConnectionLoggingExtensionsTests.TestConnection' does not contain a definition for 'ThrottledWarn' and no accessible extension method 'ThrottledWarn' accepting a first argument of type 'ConnectionLoggingExtensionsTests.TestConnection' could be found (are you missing a using directive or an assembly reference?) [E:\Cs\Nalix\tests\Nalix.Framework.Tests\Nalix.Framework.Tests.csproj]
E:\Cs\Nalix\tests\Nalix.Framework.Tests\Extensions\ConnectionLoggingExtensionsTests.cs(46,20): error CS1061: 'ConnectionLoggingExtensionsTests.TestConnection' does not contain a definition for 'ThrottledWarn' and no accessible extension method 'ThrottledWarn' accepting a first argument of type 'ConnectionLoggingExtensionsTests.TestConnection' could be found (are you missing a using directive or an assembly reference?) [E:\Cs\Nalix\tests\Nalix.Framework.Tests\Nalix.Framework.Tests.csproj]
E:\Cs\Nalix\tests\Nalix.Framework.Tests\Extensions\ConnectionLoggingExtensionsTests.cs(54,20): error CS1061: 'ConnectionLoggingExtensionsTests.TestConnection' does not contain a definition for 'ThrottledWarn' and no accessible extension method 'ThrottledWarn' accepting a first argument of type 'ConnectionLoggingExtensionsTests.TestConnection' could be found (are you missing a using directive or an assembly reference?) [E:\Cs\Nalix\tests\Nalix.Framework.Tests\Nalix.Framework.Tests.csproj]
E:\Cs\Nalix\tests\Nalix.Framework.Tests\Extensions\ConnectionLoggingExtensionsTests.cs(67,20): error CS1061: 'ConnectionLoggingExtensionsTests.TestConnection' does not contain a definition for 'ThrottledError' and no accessible extension method 'ThrottledError' accepting a first argument of type 'ConnectionLoggingExtensionsTests.TestConnection' could be found (are you missing a using directive or an assembly reference?) [E:\Cs\Nalix\tests\Nalix.Framework.Tests\Nalix.Framework.Tests.csproj]
E:\Cs\Nalix\tests\Nalix.Framework.Tests\Extensions\ConnectionLoggingExtensionsTests.cs(80,9): error CS0103: The name 'ThrottleLogExtensions' does not exist in the current context [E:\Cs\Nalix\tests\Nalix.Framework.Tests\Nalix.Framework.Tests.csproj]
E:\Cs\Nalix\tests\Nalix.Framework.Tests\Extensions\ConnectionLoggingExtensionsTests.cs(94,24): error CS1061: 'ConnectionLoggingExtensionsTests.TestConnection' does not contain a definition for 'ThrottledWarn' and no accessible extension method 'ThrottledWarn' accepting a first argument of type 'ConnectionLoggingExtensionsTests.TestConnection' could be found (are you missing a using directive or an assembly reference?) [E:\Cs\Nalix\tests\Nalix.Framework.Tests\Nalix.Framework.Tests.csproj]
E:\Cs\Nalix\tests\Nalix.Framework.Tests\Extensions\ConnectionLoggingExtensionsTests.cs(95,24): error CS1061: 'ConnectionLoggingExtensionsTests.TestConnection' does not contain a definition for 'ThrottledTrace' and no accessible extension method 'ThrottledTrace' accepting a first argument of type 'ConnectionLoggingExtensionsTests.TestConnection' could be found (are you missing a using directive or an assembly reference?) [E:\Cs\Nalix\tests\Nalix.Framework.Tests\Nalix.Framework.Tests.csproj]
E:\Cs\Nalix\tests\Nalix.Framework.Tests\Extensions\ConnectionLoggingExtensionsTests.cs(96,24): error CS1061: 'ConnectionLoggingExtensionsTests.TestConnection' does not contain a definition for 'ThrottledError' and no accessible extension method 'ThrottledError' accepting a first argument of type 'ConnectionLoggingExtensionsTests.TestConnection' could be found (are you missing a using directive or an assembly reference?) [E:\Cs\Nalix\tests\Nalix.Framework.Tests\Nalix.Framework.Tests.csproj]
E:\Cs\Nalix\tests\Nalix.Network.Test\AsyncCallbackDispatchTests.cs(58,20): error CS1061: 'Connection' does not contain a definition for 'InjectIncoming' and no accessible extension method 'InjectIncoming' accepting a first argument of type 'Connection' could be found (are you missing a using directive or an assembly reference?) [E:\Cs\Nalix\tests\Nalix.Network.Test\Nalix.Network.Tests.csproj]
    4 Warning(s)
    11 Error(s)

Time Elapsed 00:00:03.20
