  Determining projects to restore...
  All projects are up-to-date for restore.
  Nalix.Common -> E:\Cs\Nalix\src\Nalix.Common\bin\Debug\net10.0\Nalix.Common.dll
  Nalix.Framework -> E:\Cs\Nalix\src\Nalix.Framework\bin\Debug\net10.0\Nalix.Framework.dll
E:\Cs\Nalix\src\Nalix.SDK\Transport\Extensions\RequestExtensions.cs(232,67): error CS1739: The best overload for 'SendAsync' does not have a parameter named 'encrypt' [E:\Cs\Nalix\src\Nalix.SDK\Nalix.SDK.csproj]
E:\Cs\Nalix\src\Nalix.SDK\Transport\TcpSession.cs(139,96): error CS1503: Argument 1: cannot convert from 'Nalix.Common.Networking.Packets.IPacket' to 'System.ReadOnlyMemory<byte>' [E:\Cs\Nalix\src\Nalix.SDK\Nalix.SDK.csproj]
E:\Cs\Nalix\src\Nalix.SDK\Transport\Internal\FRAME_READER.cs(31,31): warning CS0649: Field 'FRAME_READER._logger' is never assigned to, and will always have its default value null [E:\Cs\Nalix\src\Nalix.SDK\Nalix.SDK.csproj]
E:\Cs\Nalix\src\Nalix.SDK\Transport\UdpSession.cs(258,13): warning CA1873: Evaluation of this argument may be expensive and unnecessary if logging is disabled (https://learn.microsoft.com/dotnet/fundamentals/code-analysis/quality-rules/ca1873) [E:\Cs\Nalix\src\Nalix.SDK\Nalix.SDK.csproj]
E:\Cs\Nalix\src\Nalix.SDK\Transport\UdpSession.cs(257,17): warning CA1848: For improved performance, use the LoggerMessage delegates instead of calling 'LoggerExtensions.LogInformation(ILogger, string?, params object?[])' (https://learn.microsoft.com/dotnet/fundamentals/code-analysis/quality-rules/ca1848) [E:\Cs\Nalix\src\Nalix.SDK\Nalix.SDK.csproj]
E:\Cs\Nalix\src\Nalix.SDK\Transport\UdpSession.cs(258,13): warning CA2254: The logging message template should not vary between calls to 'LoggerExtensions.LogInformation(ILogger, string?, params object?[])' (https://learn.microsoft.com/dotnet/fundamentals/code-analysis/quality-rules/ca2254) [E:\Cs\Nalix\src\Nalix.SDK\Nalix.SDK.csproj]
E:\Cs\Nalix\src\Nalix.SDK\Transport\TcpSession.cs(102,21): warning CA1873: Evaluation of this argument may be expensive and unnecessary if logging is disabled (https://learn.microsoft.com/dotnet/fundamentals/code-analysis/quality-rules/ca1873) [E:\Cs\Nalix\src\Nalix.SDK\Nalix.SDK.csproj]
E:\Cs\Nalix\src\Nalix.SDK\Transport\TcpSession.cs(102,21): warning CA1848: For improved performance, use the LoggerMessage delegates instead of calling 'LoggerExtensions.LogInformation(ILogger, string?, params object?[])' (https://learn.microsoft.com/dotnet/fundamentals/code-analysis/quality-rules/ca1848) [E:\Cs\Nalix\src\Nalix.SDK\Nalix.SDK.csproj]
E:\Cs\Nalix\src\Nalix.SDK\Transport\TcpSession.cs(111,21): warning CA1848: For improved performance, use the LoggerMessage delegates instead of calling 'LoggerExtensions.LogError(ILogger, Exception?, string?, params object?[])' (https://learn.microsoft.com/dotnet/fundamentals/code-analysis/quality-rules/ca1848) [E:\Cs\Nalix\src\Nalix.SDK\Nalix.SDK.csproj]
E:\Cs\Nalix\src\Nalix.SDK\Transport\TcpSession.cs(131,21): warning CA1848: For improved performance, use the LoggerMessage delegates instead of calling 'LoggerExtensions.LogInformation(ILogger, string?, params object?[])' (https://learn.microsoft.com/dotnet/fundamentals/code-analysis/quality-rules/ca1848) [E:\Cs\Nalix\src\Nalix.SDK\Nalix.SDK.csproj]
E:\Cs\Nalix\src\Nalix.SDK\Transport\Internal\FRAME_READER.cs(119,21): warning CA1848: For improved performance, use the LoggerMessage delegates instead of calling 'LoggerExtensions.LogWarning(ILogger, Exception?, string?, params object?[])' (https://learn.microsoft.com/dotnet/fundamentals/code-analysis/quality-rules/ca1848) [E:\Cs\Nalix\src\Nalix.SDK\Nalix.SDK.csproj]
E:\Cs\Nalix\src\Nalix.SDK\Transport\TcpSession.cs(177,17): warning CA1848: For improved performance, use the LoggerMessage delegates instead of calling 'LoggerExtensions.LogError(ILogger, Exception?, string?, params object?[])' (https://learn.microsoft.com/dotnet/fundamentals/code-analysis/quality-rules/ca1848) [E:\Cs\Nalix\src\Nalix.SDK\Nalix.SDK.csproj]
E:\Cs\Nalix\src\Nalix.SDK\Transport\TcpSession.cs(159,52): warning CA1848: For improved performance, use the LoggerMessage delegates instead of calling 'LoggerExtensions.LogError(ILogger, Exception?, string?, params object?[])' (https://learn.microsoft.com/dotnet/fundamentals/code-analysis/quality-rules/ca1848) [E:\Cs\Nalix\src\Nalix.SDK\Nalix.SDK.csproj]
E:\Cs\Nalix\src\Nalix.SDK\Transport\TcpSession.cs(170,21): warning CA1848: For improved performance, use the LoggerMessage delegates instead of calling 'LoggerExtensions.LogError(ILogger, Exception?, string?, params object?[])' (https://learn.microsoft.com/dotnet/fundamentals/code-analysis/quality-rules/ca1848) [E:\Cs\Nalix\src\Nalix.SDK\Nalix.SDK.csproj]
E:\Cs\Nalix\src\Nalix.SDK\Transport\Internal\FRAME_READER.cs(153,21): warning CA1848: For improved performance, use the LoggerMessage delegates instead of calling 'LoggerExtensions.LogError(ILogger, Exception?, string?, params object?[])' (https://learn.microsoft.com/dotnet/fundamentals/code-analysis/quality-rules/ca1848) [E:\Cs\Nalix\src\Nalix.SDK\Nalix.SDK.csproj]

Build FAILED.

E:\Cs\Nalix\src\Nalix.SDK\Transport\Internal\FRAME_READER.cs(31,31): warning CS0649: Field 'FRAME_READER._logger' is never assigned to, and will always have its default value null [E:\Cs\Nalix\src\Nalix.SDK\Nalix.SDK.csproj]
E:\Cs\Nalix\src\Nalix.SDK\Transport\UdpSession.cs(258,13): warning CA1873: Evaluation of this argument may be expensive and unnecessary if logging is disabled (https://learn.microsoft.com/dotnet/fundamentals/code-analysis/quality-rules/ca1873) [E:\Cs\Nalix\src\Nalix.SDK\Nalix.SDK.csproj]
E:\Cs\Nalix\src\Nalix.SDK\Transport\UdpSession.cs(257,17): warning CA1848: For improved performance, use the LoggerMessage delegates instead of calling 'LoggerExtensions.LogInformation(ILogger, string?, params object?[])' (https://learn.microsoft.com/dotnet/fundamentals/code-analysis/quality-rules/ca1848) [E:\Cs\Nalix\src\Nalix.SDK\Nalix.SDK.csproj]
E:\Cs\Nalix\src\Nalix.SDK\Transport\UdpSession.cs(258,13): warning CA2254: The logging message template should not vary between calls to 'LoggerExtensions.LogInformation(ILogger, string?, params object?[])' (https://learn.microsoft.com/dotnet/fundamentals/code-analysis/quality-rules/ca2254) [E:\Cs\Nalix\src\Nalix.SDK\Nalix.SDK.csproj]
E:\Cs\Nalix\src\Nalix.SDK\Transport\TcpSession.cs(102,21): warning CA1873: Evaluation of this argument may be expensive and unnecessary if logging is disabled (https://learn.microsoft.com/dotnet/fundamentals/code-analysis/quality-rules/ca1873) [E:\Cs\Nalix\src\Nalix.SDK\Nalix.SDK.csproj]
E:\Cs\Nalix\src\Nalix.SDK\Transport\TcpSession.cs(102,21): warning CA1848: For improved performance, use the LoggerMessage delegates instead of calling 'LoggerExtensions.LogInformation(ILogger, string?, params object?[])' (https://learn.microsoft.com/dotnet/fundamentals/code-analysis/quality-rules/ca1848) [E:\Cs\Nalix\src\Nalix.SDK\Nalix.SDK.csproj]
E:\Cs\Nalix\src\Nalix.SDK\Transport\TcpSession.cs(111,21): warning CA1848: For improved performance, use the LoggerMessage delegates instead of calling 'LoggerExtensions.LogError(ILogger, Exception?, string?, params object?[])' (https://learn.microsoft.com/dotnet/fundamentals/code-analysis/quality-rules/ca1848) [E:\Cs\Nalix\src\Nalix.SDK\Nalix.SDK.csproj]
E:\Cs\Nalix\src\Nalix.SDK\Transport\TcpSession.cs(131,21): warning CA1848: For improved performance, use the LoggerMessage delegates instead of calling 'LoggerExtensions.LogInformation(ILogger, string?, params object?[])' (https://learn.microsoft.com/dotnet/fundamentals/code-analysis/quality-rules/ca1848) [E:\Cs\Nalix\src\Nalix.SDK\Nalix.SDK.csproj]
E:\Cs\Nalix\src\Nalix.SDK\Transport\Internal\FRAME_READER.cs(119,21): warning CA1848: For improved performance, use the LoggerMessage delegates instead of calling 'LoggerExtensions.LogWarning(ILogger, Exception?, string?, params object?[])' (https://learn.microsoft.com/dotnet/fundamentals/code-analysis/quality-rules/ca1848) [E:\Cs\Nalix\src\Nalix.SDK\Nalix.SDK.csproj]
E:\Cs\Nalix\src\Nalix.SDK\Transport\TcpSession.cs(177,17): warning CA1848: For improved performance, use the LoggerMessage delegates instead of calling 'LoggerExtensions.LogError(ILogger, Exception?, string?, params object?[])' (https://learn.microsoft.com/dotnet/fundamentals/code-analysis/quality-rules/ca1848) [E:\Cs\Nalix\src\Nalix.SDK\Nalix.SDK.csproj]
E:\Cs\Nalix\src\Nalix.SDK\Transport\TcpSession.cs(159,52): warning CA1848: For improved performance, use the LoggerMessage delegates instead of calling 'LoggerExtensions.LogError(ILogger, Exception?, string?, params object?[])' (https://learn.microsoft.com/dotnet/fundamentals/code-analysis/quality-rules/ca1848) [E:\Cs\Nalix\src\Nalix.SDK\Nalix.SDK.csproj]
E:\Cs\Nalix\src\Nalix.SDK\Transport\TcpSession.cs(170,21): warning CA1848: For improved performance, use the LoggerMessage delegates instead of calling 'LoggerExtensions.LogError(ILogger, Exception?, string?, params object?[])' (https://learn.microsoft.com/dotnet/fundamentals/code-analysis/quality-rules/ca1848) [E:\Cs\Nalix\src\Nalix.SDK\Nalix.SDK.csproj]
E:\Cs\Nalix\src\Nalix.SDK\Transport\Internal\FRAME_READER.cs(153,21): warning CA1848: For improved performance, use the LoggerMessage delegates instead of calling 'LoggerExtensions.LogError(ILogger, Exception?, string?, params object?[])' (https://learn.microsoft.com/dotnet/fundamentals/code-analysis/quality-rules/ca1848) [E:\Cs\Nalix\src\Nalix.SDK\Nalix.SDK.csproj]
E:\Cs\Nalix\src\Nalix.SDK\Transport\Extensions\RequestExtensions.cs(232,67): error CS1739: The best overload for 'SendAsync' does not have a parameter named 'encrypt' [E:\Cs\Nalix\src\Nalix.SDK\Nalix.SDK.csproj]
E:\Cs\Nalix\src\Nalix.SDK\Transport\TcpSession.cs(139,96): error CS1503: Argument 1: cannot convert from 'Nalix.Common.Networking.Packets.IPacket' to 'System.ReadOnlyMemory<byte>' [E:\Cs\Nalix\src\Nalix.SDK\Nalix.SDK.csproj]
    13 Warning(s)
    2 Error(s)

Time Elapsed 00:00:03.91
