<?xml version="1.0" encoding="utf-8"?>
<TestRun id="cad00af6-f35f-416e-b893-7c55ff35d477" name="pngz@PHCNGUYEN 2026-04-12 16:22:17" runUser="PHCNGUYEN\pngz" xmlns="http://microsoft.com/schemas/VisualStudio/TeamTest/2010">
  <Times creation="2026-04-12T16:22:17.1118885+07:00" queuing="2026-04-12T16:22:17.1118889+07:00" start="2026-04-12T16:22:15.1187875+07:00" finish="2026-04-12T16:22:18.5844773+07:00" />
  <TestSettings name="default" id="5f8a623d-c58d-484f-b460-29a3ea8e02fb">
    <Deployment runDeploymentRoot="pngz_PHCNGUYEN_2026-04-12_16_22_17" />
  </TestSettings>
  <Results>
    <UnitTestResult executionId="009e3239-4312-424e-a4b0-aa02e56be93c" testId="af6d4f02-8ae3-6e77-402c-1f2320469cd6" testName="Nalix.Analyzers.Tests.ConfigurationAnalyzerTests.SupportedConfigurationProperties_DoNotProduceDiagnostic" computerName="PHCNGUYEN" duration="00:00:00.1045949" startTime="2026-04-12T16:22:18.1888317+07:00" endTime="2026-04-12T16:22:18.2936730+07:00" testType="13cdc9d9-ddb5-4fa4-a97d-d965ccfc6d4b" outcome="Passed" testListId="8c84fa94-04c1-424b-9868-57a2d4851a1d" relativeResultsDirectory="009e3239-4312-424e-a4b0-aa02e56be93c" />
    <UnitTestResult executionId="52372be9-abf5-436e-9356-be4fec6356f0" testId="bc947863-5f32-aaa8-c1dd-4b5bc8b9712e" testName="Nalix.Analyzers.Tests.RoutingCodeFixTests.MissingPacketController_ProducesCodeFix" computerName="PHCNGUYEN" duration="00:00:00.2459834" startTime="2026-04-12T16:22:16.8496186+07:00" endTime="2026-04-12T16:22:17.0966323+07:00" testType="13cdc9d9-ddb5-4fa4-a97d-d965ccfc6d4b" outcome="Passed" testListId="8c84fa94-04c1-424b-9868-57a2d4851a1d" relativeResultsDirectory="52372be9-abf5-436e-9356-be4fec6356f0" />
    <UnitTestResult executionId="916b6c81-823f-41eb-9345-54fc1ca02b5c" testId="d8f09f2c-0f2f-aad4-0b90-b8e79a655e85" testName="Nalix.Analyzers.Tests.ConfigurationAnalyzerTests.GetterOnlyOrNonPublicSetter_ProduceBindableInfoDiagnostic" computerName="PHCNGUYEN" duration="00:00:00.4825968" startTime="2026-04-12T16:22:17.0993455+07:00" endTime="2026-04-12T16:22:17.5735203+07:00" testType="13cdc9d9-ddb5-4fa4-a97d-d965ccfc6d4b" outcome="Passed" testListId="8c84fa94-04c1-424b-9868-57a2d4851a1d" relativeResultsDirectory="916b6c81-823f-41eb-9345-54fc1ca02b5c" />
    <UnitTestResult executionId="96d3ad5d-37bb-42d4-a992-823849ff4bee" testId="8cfb9b76-1397-1d1b-3ee4-53fe6dadfeee" testName="Nalix.Analyzers.Tests.RequestOptionsAnalyzerTests.RequestAsync_WithEncryptedOptionsOnNonTcpClient_ProducesDiagnostic" computerName="PHCNGUYEN" duration="00:00:00.2409089" startTime="2026-04-12T16:22:17.5899347+07:00" endTime="2026-04-12T16:22:17.8549219+07:00" testType="13cdc9d9-ddb5-4fa4-a97d-d965ccfc6d4b" outcome="Passed" testListId="8c84fa94-04c1-424b-9868-57a2d4851a1d" relativeResultsDirectory="96d3ad5d-37bb-42d4-a992-823849ff4bee" />
    <UnitTestResult executionId="2b5cfa13-89e1-4201-a5b7-cf62d09c8a82" testId="eaea3806-5bba-8165-e0d9-9a7629fbb726" testName="Nalix.Analyzers.Tests.RoutingCodeFixTests.MissingRegistryDeserialize_ProducesCodeFix" computerName="PHCNGUYEN" duration="00:00:01.2634804" startTime="2026-04-12T16:22:15.5996067+07:00" endTime="2026-04-12T16:22:16.8403199+07:00" testType="13cdc9d9-ddb5-4fa4-a97d-d965ccfc6d4b" outcome="Passed" testListId="8c84fa94-04c1-424b-9868-57a2d4851a1d" relativeResultsDirectory="2b5cfa13-89e1-4201-a5b7-cf62d09c8a82" />
    <UnitTestResult executionId="1ff84ca5-ad6e-409e-9b05-bbda41d9d7fb" testId="1172fced-ed36-fd42-ab50-5198f2c6db74" testName="Nalix.Analyzers.Tests.MiddlewareAnalyzerTests.PacketMiddleware_WithOrder_IsSilent" computerName="PHCNGUYEN" duration="00:00:00.0628713" startTime="2026-04-12T16:22:18.4447946+07:00" endTime="2026-04-12T16:22:18.5077793+07:00" testType="13cdc9d9-ddb5-4fa4-a97d-d965ccfc6d4b" outcome="Passed" testListId="8c84fa94-04c1-424b-9868-57a2d4851a1d" relativeResultsDirectory="1ff84ca5-ad6e-409e-9b05-bbda41d9d7fb" />
    <UnitTestResult executionId="7429c6e5-408b-4f71-8131-39d1c5d3de70" testId="97930659-e23e-6d1d-1193-43dfe3355161" testName="Nalix.Analyzers.Tests.AdvancedPacketAnalyzerTests.WithBufferMiddlewareTypeMismatch_ProducesDiagnostic" computerName="PHCNGUYEN" duration="00:00:00.5157011" startTime="2026-04-12T16:22:17.0861338+07:00" endTime="2026-04-12T16:22:17.6005125+07:00" testType="13cdc9d9-ddb5-4fa4-a97d-d965ccfc6d4b" outcome="Passed" testListId="8c84fa94-04c1-424b-9868-57a2d4851a1d" relativeResultsDirectory="7429c6e5-408b-4f71-8131-39d1c5d3de70" />
    <UnitTestResult executionId="3fab8272-d863-4aa3-8092-30638ccecfcb" testId="a82f19b7-4f41-db59-59e1-308845973c5b" testName="Nalix.Analyzers.Tests.SerializationAnalyzerTests.DuplicateSerializeOrder_ProducesDiagnosticAndFix" computerName="PHCNGUYEN" duration="00:00:00.5364172" startTime="2026-04-12T16:22:17.0965261+07:00" endTime="2026-04-12T16:22:17.6248930+07:00" testType="13cdc9d9-ddb5-4fa4-a97d-d965ccfc6d4b" outcome="Passed" testListId="8c84fa94-04c1-424b-9868-57a2d4851a1d" relativeResultsDirectory="3fab8272-d863-4aa3-8092-30638ccecfcb" />
    <UnitTestResult executionId="22c2c8b4-ffa4-400a-9e4b-e1a9bbfaa93d" testId="6797f6cb-5fa1-6e94-1ba4-d4db42d67f2a" testName="Nalix.Analyzers.Tests.MiddlewareAnalyzerTests.PacketMiddleware_WithoutOrder_CanAddOrderFix" computerName="PHCNGUYEN" duration="00:00:00.1639271" startTime="2026-04-12T16:22:17.8812999+07:00" endTime="2026-04-12T16:22:18.0453410+07:00" testType="13cdc9d9-ddb5-4fa4-a97d-d965ccfc6d4b" outcome="Passed" testListId="8c84fa94-04c1-424b-9868-57a2d4851a1d" relativeResultsDirectory="22c2c8b4-ffa4-400a-9e4b-e1a9bbfaa93d" />
    <UnitTestResult executionId="9b121e88-c38e-4e72-b4f2-2603627903de" testId="40e1a7bc-ef47-ae7f-9b42-b865f6af6606" testName="Nalix.Analyzers.Tests.CustomControllerAnalyzerTests.HotPathAllocation_ProducesDiagnostic" computerName="PHCNGUYEN" duration="00:00:01.5112190" startTime="2026-04-12T16:22:15.6011217+07:00" endTime="2026-04-12T16:22:17.0862491+07:00" testType="13cdc9d9-ddb5-4fa4-a97d-d965ccfc6d4b" outcome="Passed" testListId="8c84fa94-04c1-424b-9868-57a2d4851a1d" relativeResultsDirectory="9b121e88-c38e-4e72-b4f2-2603627903de" />
    <UnitTestResult executionId="22fa7d2d-bc54-4a50-8751-7aa34a09c2a7" testId="d91c6aa1-d5b4-42ae-704a-d9dcbc9dc36f" testName="Nalix.Analyzers.Tests.ConfigurationAnalyzerTests.GetterOnlyProperty_CanMakeSetterPublicFix" computerName="PHCNGUYEN" duration="00:00:00.2816938" startTime="2026-04-12T16:22:17.5738333+07:00" endTime="2026-04-12T16:22:17.8559214+07:00" testType="13cdc9d9-ddb5-4fa4-a97d-d965ccfc6d4b" outcome="Passed" testListId="8c84fa94-04c1-424b-9868-57a2d4851a1d" relativeResultsDirectory="22fa7d2d-bc54-4a50-8751-7aa34a09c2a7" />
    <UnitTestResult executionId="f08d0e2d-6fc2-4372-b6a1-365b16ddd593" testId="af8e4b3c-b03a-bf52-a91d-9b457985720b" testName="Nalix.Analyzers.Tests.MiddlewareAnalyzerTests.PacketMiddleware_WithoutOrder_ProducesDiagnostic" computerName="PHCNGUYEN" duration="00:00:00.1556136" startTime="2026-04-12T16:22:18.1967188+07:00" endTime="2026-04-12T16:22:18.3524568+07:00" testType="13cdc9d9-ddb5-4fa4-a97d-d965ccfc6d4b" outcome="Passed" testListId="8c84fa94-04c1-424b-9868-57a2d4851a1d" relativeResultsDirectory="f08d0e2d-6fc2-4372-b6a1-365b16ddd593" />
    <UnitTestResult executionId="980b8e99-5298-4334-869e-ae4135480fca" testId="57e0c112-79f5-44c4-daa2-53bd8d79b43e" testName="Nalix.Analyzers.Tests.RoutingCodeFixTests.MissingPacketOpcode_ProducesCodeFix" computerName="PHCNGUYEN" duration="00:00:00.5556515" startTime="2026-04-12T16:22:17.0990131+07:00" endTime="2026-04-12T16:22:17.6444572+07:00" testType="13cdc9d9-ddb5-4fa4-a97d-d965ccfc6d4b" outcome="Passed" testListId="8c84fa94-04c1-424b-9868-57a2d4851a1d" relativeResultsDirectory="980b8e99-5298-4334-869e-ae4135480fca" />
    <UnitTestResult executionId="e54a560b-d6a9-44ef-8210-93a1ef5d56bb" testId="9d1ffd2d-f48e-ec03-a06b-1c887a877eb0" testName="Nalix.Analyzers.Tests.MiddlewareAnalyzerTests.WithMiddleware_DuplicateOrderInChain_ProducesDiagnostic" computerName="PHCNGUYEN" duration="00:00:00.1506798" startTime="2026-04-12T16:22:18.0460106+07:00" endTime="2026-04-12T16:22:18.1964777+07:00" testType="13cdc9d9-ddb5-4fa4-a97d-d965ccfc6d4b" outcome="Passed" testListId="8c84fa94-04c1-424b-9868-57a2d4851a1d" relativeResultsDirectory="e54a560b-d6a9-44ef-8210-93a1ef5d56bb" />
    <UnitTestResult executionId="aa4fee00-ed06-4c37-af33-03cb1104dc13" testId="b6ac1a85-7c76-07de-bfe1-6901cb771433" testName="Nalix.Analyzers.Tests.PacketAnalyzerTests.ResetForPoolWithoutBaseCall_ProducesDiagnosticAndFix" computerName="PHCNGUYEN" duration="00:00:00.2402224" startTime="2026-04-12T16:22:17.5254321+07:00" endTime="2026-04-12T16:22:17.7638442+07:00" testType="13cdc9d9-ddb5-4fa4-a97d-d965ccfc6d4b" outcome="Passed" testListId="8c84fa94-04c1-424b-9868-57a2d4851a1d" relativeResultsDirectory="aa4fee00-ed06-4c37-af33-03cb1104dc13" />
    <UnitTestResult executionId="d997f897-d34e-44a2-8262-203bb62f17ee" testId="087f6c70-e21f-17b2-73a1-55913815be22" testName="Nalix.Analyzers.Tests.RequestOptionsAnalyzerTests.WithTimeout_NegativeValue_ProducesDiagnostic" computerName="PHCNGUYEN" duration="00:00:00.1776481" startTime="2026-04-12T16:22:17.8558908+07:00" endTime="2026-04-12T16:22:18.0328647+07:00" testType="13cdc9d9-ddb5-4fa4-a97d-d965ccfc6d4b" outcome="Passed" testListId="8c84fa94-04c1-424b-9868-57a2d4851a1d" relativeResultsDirectory="d997f897-d34e-44a2-8262-203bb62f17ee" />
    <UnitTestResult executionId="bde65ce5-aa8b-4df4-a9f6-3e9cfc32180a" testId="53b2c395-8dea-c402-af08-761fdc366815" testName="Nalix.Analyzers.Tests.CustomControllerAnalyzerTests.BufferLeaseLeak_ProducesDiagnostic" computerName="PHCNGUYEN" duration="00:00:00.1475251" startTime="2026-04-12T16:22:18.1982079+07:00" endTime="2026-04-12T16:22:18.3460071+07:00" testType="13cdc9d9-ddb5-4fa4-a97d-d965ccfc6d4b" outcome="Passed" testListId="8c84fa94-04c1-424b-9868-57a2d4851a1d" relativeResultsDirectory="bde65ce5-aa8b-4df4-a9f6-3e9cfc32180a" />
    <UnitTestResult executionId="a44d9399-2204-42d2-b9d5-0eac8a9c7de7" testId="4ad3472b-d615-ef86-bad7-2284b22bb3cb" testName="Nalix.Analyzers.Tests.CustomControllerAnalyzerTests.ReservedOpcode_ProducesDiagnostic" computerName="PHCNGUYEN" duration="00:00:00.2778352" startTime="2026-04-12T16:22:17.5998872+07:00" endTime="2026-04-12T16:22:17.8781258+07:00" testType="13cdc9d9-ddb5-4fa4-a97d-d965ccfc6d4b" outcome="Passed" testListId="8c84fa94-04c1-424b-9868-57a2d4851a1d" relativeResultsDirectory="a44d9399-2204-42d2-b9d5-0eac8a9c7de7" />
    <UnitTestResult executionId="4f4ba828-874c-4895-87b7-71f4c0c7a52f" testId="1c587b82-6ed9-cbb6-201a-1345752d6a9e" testName="Nalix.Analyzers.Tests.ConfigurationAnalyzerTests.UnsupportedConfigurationProperty_WithConfiguredIgnore_IsSilent" computerName="PHCNGUYEN" duration="00:00:00.1662492" startTime="2026-04-12T16:22:18.0307551+07:00" endTime="2026-04-12T16:22:18.1887034+07:00" testType="13cdc9d9-ddb5-4fa4-a97d-d965ccfc6d4b" outcome="Passed" testListId="8c84fa94-04c1-424b-9868-57a2d4851a1d" relativeResultsDirectory="4f4ba828-874c-4895-87b7-71f4c0c7a52f" />
    <UnitTestResult executionId="370a9467-4d2c-4329-a9f9-1baea384fab5" testId="83685f09-89df-c9dd-5d2c-f5031684e893" testName="Nalix.Analyzers.Tests.AdvancedSerializationAnalyzerTests.NegativeSerializeOrder_ProducesDiagnostic" computerName="PHCNGUYEN" duration="00:00:00.4273517" startTime="2026-04-12T16:22:17.0960139+07:00" endTime="2026-04-12T16:22:17.5155109+07:00" testType="13cdc9d9-ddb5-4fa4-a97d-d965ccfc6d4b" outcome="Passed" testListId="8c84fa94-04c1-424b-9868-57a2d4851a1d" relativeResultsDirectory="370a9467-4d2c-4329-a9f9-1baea384fab5" />
    <UnitTestResult executionId="4c05bd67-2db5-464c-90e4-97b77f2b59ca" testId="2e1556c3-680c-dd0a-0cf3-b600eb6dd35c" testName="Nalix.Analyzers.Tests.ConfigurationAnalyzerTests.GetterOnlyProperty_CanAddConfiguredIgnoreFix" computerName="PHCNGUYEN" duration="00:00:00.1280797" startTime="2026-04-12T16:22:18.2938181+07:00" endTime="2026-04-12T16:22:18.4219897+07:00" testType="13cdc9d9-ddb5-4fa4-a97d-d965ccfc6d4b" outcome="Passed" testListId="8c84fa94-04c1-424b-9868-57a2d4851a1d" relativeResultsDirectory="4c05bd67-2db5-464c-90e4-97b77f2b59ca" />
    <UnitTestResult executionId="0de38a9c-ac90-402d-8239-20c3ed7bccd7" testId="eee86d3f-e581-c869-7018-5c012ee91de0" testName="Nalix.Analyzers.Tests.MetadataProviderAnalyzerTests.Populate_ClearsOpcode_ProducesDiagnostic" computerName="PHCNGUYEN" duration="00:00:01.5107732" startTime="2026-04-12T16:22:15.6011517+07:00" endTime="2026-04-12T16:22:17.0841586+07:00" testType="13cdc9d9-ddb5-4fa4-a97d-d965ccfc6d4b" outcome="Passed" testListId="8c84fa94-04c1-424b-9868-57a2d4851a1d" relativeResultsDirectory="0de38a9c-ac90-402d-8239-20c3ed7bccd7" />
    <UnitTestResult executionId="ab4e77e3-08b1-4c2b-ae1b-d842ffc71bd8" testId="a3609e1e-f172-5aaf-1fa3-63cd2847bdfc" testName="Nalix.Analyzers.Tests.RequestOptionsAnalyzerTests.RequestAsync_WithEncryptedOptionsOnTcpSession_IsSilent" computerName="PHCNGUYEN" duration="00:00:00.5025897" startTime="2026-04-12T16:22:17.0953774+07:00" endTime="2026-04-12T16:22:17.5879232+07:00" testType="13cdc9d9-ddb5-4fa4-a97d-d965ccfc6d4b" outcome="Passed" testListId="8c84fa94-04c1-424b-9868-57a2d4851a1d" relativeResultsDirectory="ab4e77e3-08b1-4c2b-ae1b-d842ffc71bd8" />
    <UnitTestResult executionId="5915b159-714d-430c-adbe-9618b883a81a" testId="193dc9fc-2102-2bc2-bcf1-2538ef1c1760" testName="Nalix.Analyzers.Tests.CustomControllerAnalyzerTests.GlobalDuplicateOpcode_ProducesDiagnostic" computerName="PHCNGUYEN" duration="00:00:00.1630309" startTime="2026-04-12T16:22:17.8783719+07:00" endTime="2026-04-12T16:22:18.0415028+07:00" testType="13cdc9d9-ddb5-4fa4-a97d-d965ccfc6d4b" outcome="Passed" testListId="8c84fa94-04c1-424b-9868-57a2d4851a1d" relativeResultsDirectory="5915b159-714d-430c-adbe-9618b883a81a" />
    <UnitTestResult executionId="92d23c2d-5981-465e-bcf4-8c0b12212731" testId="476759b3-54fe-8bac-8a29-3d0da9fd3e85" testName="Nalix.Analyzers.Tests.CustomControllerAnalyzerTests.NonReservedOpcode_IsSilent" computerName="PHCNGUYEN" duration="00:00:00.1562869" startTime="2026-04-12T16:22:18.0416301+07:00" endTime="2026-04-12T16:22:18.1980743+07:00" testType="13cdc9d9-ddb5-4fa4-a97d-d965ccfc6d4b" outcome="Passed" testListId="8c84fa94-04c1-424b-9868-57a2d4851a1d" relativeResultsDirectory="92d23c2d-5981-465e-bcf4-8c0b12212731" />
    <UnitTestResult executionId="e849cae6-b917-4fc1-a2dd-caf0645fe178" testId="c807cbc2-50d8-8fbd-71aa-f642530c1862" testName="Nalix.Analyzers.Tests.MiddlewareAnalyzerTests.BufferMiddleware_WithoutOrder_ProducesDiagnostic" computerName="PHCNGUYEN" duration="00:00:00.2813359" startTime="2026-04-12T16:22:17.5996322+07:00" endTime="2026-04-12T16:22:17.8811258+07:00" testType="13cdc9d9-ddb5-4fa4-a97d-d965ccfc6d4b" outcome="Passed" testListId="8c84fa94-04c1-424b-9868-57a2d4851a1d" relativeResultsDirectory="e849cae6-b917-4fc1-a2dd-caf0645fe178" />
    <UnitTestResult executionId="cd9e32fb-7e68-4d50-84c9-0fc01d0f8998" testId="644f27b2-7fa1-4210-9051-8329d307155d" testName="Nalix.Analyzers.Tests.ConfigurationAnalyzerTests.PrivateSetterProperty_CanMakeSetterPublicFix" computerName="PHCNGUYEN" duration="00:00:00.1654102" startTime="2026-04-12T16:22:17.8560298+07:00" endTime="2026-04-12T16:22:18.0221862+07:00" testType="13cdc9d9-ddb5-4fa4-a97d-d965ccfc6d4b" outcome="Passed" testListId="8c84fa94-04c1-424b-9868-57a2d4851a1d" relativeResultsDirectory="cd9e32fb-7e68-4d50-84c9-0fc01d0f8998" />
    <UnitTestResult executionId="3f731cf2-b8e6-43f8-ae1d-d1a117f44160" testId="02bb0837-1a3f-78a5-8691-bfd9a7bef376" testName="Nalix.Analyzers.Tests.MiddlewareAnalyzerTests.InboundMiddleware_WithAlwaysExecute_CanRemoveFlagFix" computerName="PHCNGUYEN" duration="00:00:01.5136491" startTime="2026-04-12T16:22:15.6010893+07:00" endTime="2026-04-12T16:22:17.0955223+07:00" testType="13cdc9d9-ddb5-4fa4-a97d-d965ccfc6d4b" outcome="Passed" testListId="8c84fa94-04c1-424b-9868-57a2d4851a1d" relativeResultsDirectory="3f731cf2-b8e6-43f8-ae1d-d1a117f44160" />
    <UnitTestResult executionId="4f20850f-a4ad-4ee9-9377-d178d8ba7b6b" testId="6a63f11a-b041-6b80-9f4d-c038e1a225dd" testName="Nalix.Analyzers.Tests.AdvancedSerializationAnalyzerTests.MissingSerializeOrder_CanUseSecondCodeFixToAddNextOrder" computerName="PHCNGUYEN" duration="00:00:01.5141057" startTime="2026-04-12T16:22:15.6021073+07:00" endTime="2026-04-12T16:22:17.0958571+07:00" testType="13cdc9d9-ddb5-4fa4-a97d-d965ccfc6d4b" outcome="Passed" testListId="8c84fa94-04c1-424b-9868-57a2d4851a1d" relativeResultsDirectory="4f20850f-a4ad-4ee9-9377-d178d8ba7b6b" />
    <UnitTestResult executionId="658b5547-1693-4905-80d9-5cc13218ed04" testId="cb02afeb-34a8-aa45-1143-ee31a1c383cf" testName="Nalix.Analyzers.Tests.MetadataProviderAnalyzerTests.Populate_OverwritesOpcodeWithoutGuard_ProducesDiagnostic" computerName="PHCNGUYEN" duration="00:00:00.3423066" startTime="2026-04-12T16:22:17.0857468+07:00" endTime="2026-04-12T16:22:17.4269221+07:00" testType="13cdc9d9-ddb5-4fa4-a97d-d965ccfc6d4b" outcome="Passed" testListId="8c84fa94-04c1-424b-9868-57a2d4851a1d" relativeResultsDirectory="658b5547-1693-4905-80d9-5cc13218ed04" />
    <UnitTestResult executionId="c6bdab3c-0bf9-4c04-8a90-d04cb936436a" testId="e9d063dc-b802-8c66-b506-c348bfc4ee53" testName="Nalix.Analyzers.Tests.MiddlewareAnalyzerTests.BufferMiddleware_WithoutOrder_CanAddOrderFix" computerName="PHCNGUYEN" duration="00:00:00.0919632" startTime="2026-04-12T16:22:18.3526197+07:00" endTime="2026-04-12T16:22:18.4446844+07:00" testType="13cdc9d9-ddb5-4fa4-a97d-d965ccfc6d4b" outcome="Passed" testListId="8c84fa94-04c1-424b-9868-57a2d4851a1d" relativeResultsDirectory="c6bdab3c-0bf9-4c04-8a90-d04cb936436a" />
    <UnitTestResult executionId="4c9da131-0f08-48a8-84d0-5c1b903f1b38" testId="90e71bf7-6b6d-072e-1baf-6e9715ba608d" testName="Nalix.Analyzers.Tests.RequestOptionsAnalyzerTests.WithRetry_NegativeValue_ProducesDiagnostic" computerName="PHCNGUYEN" duration="00:00:01.5109911" startTime="2026-04-12T16:22:15.6011835+07:00" endTime="2026-04-12T16:22:17.0865987+07:00" testType="13cdc9d9-ddb5-4fa4-a97d-d965ccfc6d4b" outcome="Passed" testListId="8c84fa94-04c1-424b-9868-57a2d4851a1d" relativeResultsDirectory="4c9da131-0f08-48a8-84d0-5c1b903f1b38" />
    <UnitTestResult executionId="f0c1cecf-5f68-4462-961c-b3fb7a2af17b" testId="06b5b25b-c00d-0f8a-426f-2af87a6a839d" testName="Nalix.Analyzers.Tests.ConfigurationAnalyzerTests.UnsupportedConfigurationProperty_ProducesDiagnosticAndFix" computerName="PHCNGUYEN" duration="00:00:01.5167071" startTime="2026-04-12T16:22:15.6020770+07:00" endTime="2026-04-12T16:22:17.0990599+07:00" testType="13cdc9d9-ddb5-4fa4-a97d-d965ccfc6d4b" outcome="Passed" testListId="8c84fa94-04c1-424b-9868-57a2d4851a1d" relativeResultsDirectory="f0c1cecf-5f68-4462-961c-b3fb7a2af17b" />
    <UnitTestResult executionId="52370cf6-a6cb-44eb-8db4-2aaf85c40257" testId="553d5d72-dc6f-1f86-01e9-b2ddf9feb6a5" testName="Nalix.Analyzers.Tests.PacketAnalyzerTests.PacketDeserializerSelfTypeMismatch_ProducesDiagnosticAndFix" computerName="PHCNGUYEN" duration="00:00:01.5145464" startTime="2026-04-12T16:22:15.6011377+07:00" endTime="2026-04-12T16:22:17.0960782+07:00" testType="13cdc9d9-ddb5-4fa4-a97d-d965ccfc6d4b" outcome="Passed" testListId="8c84fa94-04c1-424b-9868-57a2d4851a1d" relativeResultsDirectory="52370cf6-a6cb-44eb-8db4-2aaf85c40257" />
    <UnitTestResult executionId="b3804e8e-90f9-4097-9930-4e631eb34e43" testId="d467bf9a-44a6-1b51-e176-a77c903690ef" testName="Nalix.Analyzers.Tests.CustomControllerAnalyzerTests.OpCodeDocMismatch_ProducesDiagnostic" computerName="PHCNGUYEN" duration="00:00:00.5148506" startTime="2026-04-12T16:22:17.0864877+07:00" endTime="2026-04-12T16:22:17.5996930+07:00" testType="13cdc9d9-ddb5-4fa4-a97d-d965ccfc6d4b" outcome="Passed" testListId="8c84fa94-04c1-424b-9868-57a2d4851a1d" relativeResultsDirectory="b3804e8e-90f9-4097-9930-4e631eb34e43" />
    <UnitTestResult executionId="535e9cc8-bc74-47c0-b1fb-ec7d84623d20" testId="fa87183e-5704-8c1e-dea8-e61bcb23d312" testName="Nalix.Analyzers.Tests.MiddlewareAnalyzerTests.InboundMiddleware_WithAlwaysExecute_ProducesDiagnostic" computerName="PHCNGUYEN" duration="00:00:00.5120460" startTime="2026-04-12T16:22:17.0957223+07:00" endTime="2026-04-12T16:22:17.5993705+07:00" testType="13cdc9d9-ddb5-4fa4-a97d-d965ccfc6d4b" outcome="Passed" testListId="8c84fa94-04c1-424b-9868-57a2d4851a1d" relativeResultsDirectory="535e9cc8-bc74-47c0-b1fb-ec7d84623d20" />
    <UnitTestResult executionId="94d4410b-50eb-4aa3-9835-490c2b0660a7" testId="cfe768ad-143a-b8a4-9d44-235d8f2494e1" testName="Nalix.Analyzers.Tests.SerializationAnalyzerTests.MissingSerializeOrder_ProducesIgnoreFix" computerName="PHCNGUYEN" duration="00:00:01.5147165" startTime="2026-04-12T16:22:15.6011680+07:00" endTime="2026-04-12T16:22:17.0962861+07:00" testType="13cdc9d9-ddb5-4fa4-a97d-d965ccfc6d4b" outcome="Passed" testListId="8c84fa94-04c1-424b-9868-57a2d4851a1d" relativeResultsDirectory="94d4410b-50eb-4aa3-9835-490c2b0660a7" />
    <UnitTestResult executionId="271a2595-db44-4ea2-a068-c34de54248e2" testId="a845517e-845a-4b97-1cb4-2e6f48438b6c" testName="Nalix.Analyzers.Tests.MetadataProviderAnalyzerTests.Populate_OverwritesOpcodeWithGuard_IsSilent" computerName="PHCNGUYEN" duration="00:00:00.3856144" startTime="2026-04-12T16:22:17.4271388+07:00" endTime="2026-04-12T16:22:17.8207585+07:00" testType="13cdc9d9-ddb5-4fa4-a97d-d965ccfc6d4b" outcome="Passed" testListId="8c84fa94-04c1-424b-9868-57a2d4851a1d" relativeResultsDirectory="271a2595-db44-4ea2-a068-c34de54248e2" />
    <UnitTestResult executionId="4c8d71de-819f-45d3-a06f-455a13f91a08" testId="8b0f9a98-c067-f5be-ef79-a8072869f1ec" testName="Nalix.Analyzers.Tests.PacketAnalyzerTests.PacketBaseSelfTypeMismatch_ProducesDiagnosticAndFix" computerName="PHCNGUYEN" duration="00:00:00.4283424" startTime="2026-04-12T16:22:17.0962395+07:00" endTime="2026-04-12T16:22:17.5232296+07:00" testType="13cdc9d9-ddb5-4fa4-a97d-d965ccfc6d4b" outcome="Passed" testListId="8c84fa94-04c1-424b-9868-57a2d4851a1d" relativeResultsDirectory="4c8d71de-819f-45d3-a06f-455a13f91a08" />
    <UnitTestResult executionId="afc278b0-1f2f-48ca-95d6-d674b595c65a" testId="1d512ea1-21d2-0998-78a6-cdefa6b71591" testName="Nalix.Analyzers.Tests.AdvancedPacketAnalyzerTests.RegisterPacketWithAbstractType_ProducesDiagnostic" computerName="PHCNGUYEN" duration="00:00:01.5110583" startTime="2026-04-12T16:22:15.6011993+07:00" endTime="2026-04-12T16:22:17.0858806+07:00" testType="13cdc9d9-ddb5-4fa4-a97d-d965ccfc6d4b" outcome="Passed" testListId="8c84fa94-04c1-424b-9868-57a2d4851a1d" relativeResultsDirectory="afc278b0-1f2f-48ca-95d6-d674b595c65a" />
  </Results>
  <TestDefinitions>
    <UnitTest name="Nalix.Analyzers.Tests.RequestOptionsAnalyzerTests.RequestAsync_WithEncryptedOptionsOnNonTcpClient_ProducesDiagnostic" storage="e:\cs\nalix\tests\nalix.analyzers.tests\bin\release\net10.0\nalix.analyzers.tests.dll" id="8cfb9b76-1397-1d1b-3ee4-53fe6dadfeee">
      <Execution id="96d3ad5d-37bb-42d4-a992-823849ff4bee" />
      <TestMethod codeBase="E:\Cs\Nalix\tests\Nalix.Analyzers.Tests\bin\Release\net10.0\Nalix.Analyzers.Tests.dll" adapterTypeName="executor://xunit/VsTestRunner3/netcore/" className="Nalix.Analyzers.Tests.RequestOptionsAnalyzerTests" name="RequestAsync_WithEncryptedOptionsOnNonTcpClient_ProducesDiagnostic" />
    </UnitTest>
    <UnitTest name="Nalix.Analyzers.Tests.RoutingCodeFixTests.MissingRegistryDeserialize_ProducesCodeFix" storage="e:\cs\nalix\tests\nalix.analyzers.tests\bin\release\net10.0\nalix.analyzers.tests.dll" id="eaea3806-5bba-8165-e0d9-9a7629fbb726">
      <Execution id="2b5cfa13-89e1-4201-a5b7-cf62d09c8a82" />
      <TestMethod codeBase="E:\Cs\Nalix\tests\Nalix.Analyzers.Tests\bin\Release\net10.0\Nalix.Analyzers.Tests.dll" adapterTypeName="executor://xunit/VsTestRunner3/netcore/" className="Nalix.Analyzers.Tests.RoutingCodeFixTests" name="MissingRegistryDeserialize_ProducesCodeFix" />
    </UnitTest>
    <UnitTest name="Nalix.Analyzers.Tests.RequestOptionsAnalyzerTests.RequestAsync_WithEncryptedOptionsOnTcpSession_IsSilent" storage="e:\cs\nalix\tests\nalix.analyzers.tests\bin\release\net10.0\nalix.analyzers.tests.dll" id="a3609e1e-f172-5aaf-1fa3-63cd2847bdfc">
      <Execution id="ab4e77e3-08b1-4c2b-ae1b-d842ffc71bd8" />
      <TestMethod codeBase="E:\Cs\Nalix\tests\Nalix.Analyzers.Tests\bin\Release\net10.0\Nalix.Analyzers.Tests.dll" adapterTypeName="executor://xunit/VsTestRunner3/netcore/" className="Nalix.Analyzers.Tests.RequestOptionsAnalyzerTests" name="RequestAsync_WithEncryptedOptionsOnTcpSession_IsSilent" />
    </UnitTest>
    <UnitTest name="Nalix.Analyzers.Tests.MetadataProviderAnalyzerTests.Populate_ClearsOpcode_ProducesDiagnostic" storage="e:\cs\nalix\tests\nalix.analyzers.tests\bin\release\net10.0\nalix.analyzers.tests.dll" id="eee86d3f-e581-c869-7018-5c012ee91de0">
      <Execution id="0de38a9c-ac90-402d-8239-20c3ed7bccd7" />
      <TestMethod codeBase="E:\Cs\Nalix\tests\Nalix.Analyzers.Tests\bin\Release\net10.0\Nalix.Analyzers.Tests.dll" adapterTypeName="executor://xunit/VsTestRunner3/netcore/" className="Nalix.Analyzers.Tests.MetadataProviderAnalyzerTests" name="Populate_ClearsOpcode_ProducesDiagnostic" />
    </UnitTest>
    <UnitTest name="Nalix.Analyzers.Tests.CustomControllerAnalyzerTests.OpCodeDocMismatch_ProducesDiagnostic" storage="e:\cs\nalix\tests\nalix.analyzers.tests\bin\release\net10.0\nalix.analyzers.tests.dll" id="d467bf9a-44a6-1b51-e176-a77c903690ef">
      <Execution id="b3804e8e-90f9-4097-9930-4e631eb34e43" />
      <TestMethod codeBase="E:\Cs\Nalix\tests\Nalix.Analyzers.Tests\bin\Release\net10.0\Nalix.Analyzers.Tests.dll" adapterTypeName="executor://xunit/VsTestRunner3/netcore/" className="Nalix.Analyzers.Tests.CustomControllerAnalyzerTests" name="OpCodeDocMismatch_ProducesDiagnostic" />
    </UnitTest>
    <UnitTest name="Nalix.Analyzers.Tests.ConfigurationAnalyzerTests.GetterOnlyProperty_CanMakeSetterPublicFix" storage="e:\cs\nalix\tests\nalix.analyzers.tests\bin\release\net10.0\nalix.analyzers.tests.dll" id="d91c6aa1-d5b4-42ae-704a-d9dcbc9dc36f">
      <Execution id="22fa7d2d-bc54-4a50-8751-7aa34a09c2a7" />
      <TestMethod codeBase="E:\Cs\Nalix\tests\Nalix.Analyzers.Tests\bin\Release\net10.0\Nalix.Analyzers.Tests.dll" adapterTypeName="executor://xunit/VsTestRunner3/netcore/" className="Nalix.Analyzers.Tests.ConfigurationAnalyzerTests" name="GetterOnlyProperty_CanMakeSetterPublicFix" />
    </UnitTest>
    <UnitTest name="Nalix.Analyzers.Tests.ConfigurationAnalyzerTests.GetterOnlyProperty_CanAddConfiguredIgnoreFix" storage="e:\cs\nalix\tests\nalix.analyzers.tests\bin\release\net10.0\nalix.analyzers.tests.dll" id="2e1556c3-680c-dd0a-0cf3-b600eb6dd35c">
      <Execution id="4c05bd67-2db5-464c-90e4-97b77f2b59ca" />
      <TestMethod codeBase="E:\Cs\Nalix\tests\Nalix.Analyzers.Tests\bin\Release\net10.0\Nalix.Analyzers.Tests.dll" adapterTypeName="executor://xunit/VsTestRunner3/netcore/" className="Nalix.Analyzers.Tests.ConfigurationAnalyzerTests" name="GetterOnlyProperty_CanAddConfiguredIgnoreFix" />
    </UnitTest>
    <UnitTest name="Nalix.Analyzers.Tests.MetadataProviderAnalyzerTests.Populate_OverwritesOpcodeWithoutGuard_ProducesDiagnostic" storage="e:\cs\nalix\tests\nalix.analyzers.tests\bin\release\net10.0\nalix.analyzers.tests.dll" id="cb02afeb-34a8-aa45-1143-ee31a1c383cf">
      <Execution id="658b5547-1693-4905-80d9-5cc13218ed04" />
      <TestMethod codeBase="E:\Cs\Nalix\tests\Nalix.Analyzers.Tests\bin\Release\net10.0\Nalix.Analyzers.Tests.dll" adapterTypeName="executor://xunit/VsTestRunner3/netcore/" className="Nalix.Analyzers.Tests.MetadataProviderAnalyzerTests" name="Populate_OverwritesOpcodeWithoutGuard_ProducesDiagnostic" />
    </UnitTest>
    <UnitTest name="Nalix.Analyzers.Tests.CustomControllerAnalyzerTests.HotPathAllocation_ProducesDiagnostic" storage="e:\cs\nalix\tests\nalix.analyzers.tests\bin\release\net10.0\nalix.analyzers.tests.dll" id="40e1a7bc-ef47-ae7f-9b42-b865f6af6606">
      <Execution id="9b121e88-c38e-4e72-b4f2-2603627903de" />
      <TestMethod codeBase="E:\Cs\Nalix\tests\Nalix.Analyzers.Tests\bin\Release\net10.0\Nalix.Analyzers.Tests.dll" adapterTypeName="executor://xunit/VsTestRunner3/netcore/" className="Nalix.Analyzers.Tests.CustomControllerAnalyzerTests" name="HotPathAllocation_ProducesDiagnostic" />
    </UnitTest>
    <UnitTest name="Nalix.Analyzers.Tests.CustomControllerAnalyzerTests.GlobalDuplicateOpcode_ProducesDiagnostic" storage="e:\cs\nalix\tests\nalix.analyzers.tests\bin\release\net10.0\nalix.analyzers.tests.dll" id="193dc9fc-2102-2bc2-bcf1-2538ef1c1760">
      <Execution id="5915b159-714d-430c-adbe-9618b883a81a" />
      <TestMethod codeBase="E:\Cs\Nalix\tests\Nalix.Analyzers.Tests\bin\Release\net10.0\Nalix.Analyzers.Tests.dll" adapterTypeName="executor://xunit/VsTestRunner3/netcore/" className="Nalix.Analyzers.Tests.CustomControllerAnalyzerTests" name="GlobalDuplicateOpcode_ProducesDiagnostic" />
    </UnitTest>
    <UnitTest name="Nalix.Analyzers.Tests.ConfigurationAnalyzerTests.UnsupportedConfigurationProperty_ProducesDiagnosticAndFix" storage="e:\cs\nalix\tests\nalix.analyzers.tests\bin\release\net10.0\nalix.analyzers.tests.dll" id="06b5b25b-c00d-0f8a-426f-2af87a6a839d">
      <Execution id="f0c1cecf-5f68-4462-961c-b3fb7a2af17b" />
      <TestMethod codeBase="E:\Cs\Nalix\tests\Nalix.Analyzers.Tests\bin\Release\net10.0\Nalix.Analyzers.Tests.dll" adapterTypeName="executor://xunit/VsTestRunner3/netcore/" className="Nalix.Analyzers.Tests.ConfigurationAnalyzerTests" name="UnsupportedConfigurationProperty_ProducesDiagnosticAndFix" />
    </UnitTest>
    <UnitTest name="Nalix.Analyzers.Tests.AdvancedPacketAnalyzerTests.WithBufferMiddlewareTypeMismatch_ProducesDiagnostic" storage="e:\cs\nalix\tests\nalix.analyzers.tests\bin\release\net10.0\nalix.analyzers.tests.dll" id="97930659-e23e-6d1d-1193-43dfe3355161">
      <Execution id="7429c6e5-408b-4f71-8131-39d1c5d3de70" />
      <TestMethod codeBase="E:\Cs\Nalix\tests\Nalix.Analyzers.Tests\bin\Release\net10.0\Nalix.Analyzers.Tests.dll" adapterTypeName="executor://xunit/VsTestRunner3/netcore/" className="Nalix.Analyzers.Tests.AdvancedPacketAnalyzerTests" name="WithBufferMiddlewareTypeMismatch_ProducesDiagnostic" />
    </UnitTest>
    <UnitTest name="Nalix.Analyzers.Tests.AdvancedSerializationAnalyzerTests.NegativeSerializeOrder_ProducesDiagnostic" storage="e:\cs\nalix\tests\nalix.analyzers.tests\bin\release\net10.0\nalix.analyzers.tests.dll" id="83685f09-89df-c9dd-5d2c-f5031684e893">
      <Execution id="370a9467-4d2c-4329-a9f9-1baea384fab5" />
      <TestMethod codeBase="E:\Cs\Nalix\tests\Nalix.Analyzers.Tests\bin\Release\net10.0\Nalix.Analyzers.Tests.dll" adapterTypeName="executor://xunit/VsTestRunner3/netcore/" className="Nalix.Analyzers.Tests.AdvancedSerializationAnalyzerTests" name="NegativeSerializeOrder_ProducesDiagnostic" />
    </UnitTest>
    <UnitTest name="Nalix.Analyzers.Tests.ConfigurationAnalyzerTests.SupportedConfigurationProperties_DoNotProduceDiagnostic" storage="e:\cs\nalix\tests\nalix.analyzers.tests\bin\release\net10.0\nalix.analyzers.tests.dll" id="af6d4f02-8ae3-6e77-402c-1f2320469cd6">
      <Execution id="009e3239-4312-424e-a4b0-aa02e56be93c" />
      <TestMethod codeBase="E:\Cs\Nalix\tests\Nalix.Analyzers.Tests\bin\Release\net10.0\Nalix.Analyzers.Tests.dll" adapterTypeName="executor://xunit/VsTestRunner3/netcore/" className="Nalix.Analyzers.Tests.ConfigurationAnalyzerTests" name="SupportedConfigurationProperties_DoNotProduceDiagnostic" />
    </UnitTest>
    <UnitTest name="Nalix.Analyzers.Tests.RoutingCodeFixTests.MissingPacketController_ProducesCodeFix" storage="e:\cs\nalix\tests\nalix.analyzers.tests\bin\release\net10.0\nalix.analyzers.tests.dll" id="bc947863-5f32-aaa8-c1dd-4b5bc8b9712e">
      <Execution id="52372be9-abf5-436e-9356-be4fec6356f0" />
      <TestMethod codeBase="E:\Cs\Nalix\tests\Nalix.Analyzers.Tests\bin\Release\net10.0\Nalix.Analyzers.Tests.dll" adapterTypeName="executor://xunit/VsTestRunner3/netcore/" className="Nalix.Analyzers.Tests.RoutingCodeFixTests" name="MissingPacketController_ProducesCodeFix" />
    </UnitTest>
    <UnitTest name="Nalix.Analyzers.Tests.PacketAnalyzerTests.PacketBaseSelfTypeMismatch_ProducesDiagnosticAndFix" storage="e:\cs\nalix\tests\nalix.analyzers.tests\bin\release\net10.0\nalix.analyzers.tests.dll" id="8b0f9a98-c067-f5be-ef79-a8072869f1ec">
      <Execution id="4c8d71de-819f-45d3-a06f-455a13f91a08" />
      <TestMethod codeBase="E:\Cs\Nalix\tests\Nalix.Analyzers.Tests\bin\Release\net10.0\Nalix.Analyzers.Tests.dll" adapterTypeName="executor://xunit/VsTestRunner3/netcore/" className="Nalix.Analyzers.Tests.PacketAnalyzerTests" name="PacketBaseSelfTypeMismatch_ProducesDiagnosticAndFix" />
    </UnitTest>
    <UnitTest name="Nalix.Analyzers.Tests.MiddlewareAnalyzerTests.PacketMiddleware_WithoutOrder_ProducesDiagnostic" storage="e:\cs\nalix\tests\nalix.analyzers.tests\bin\release\net10.0\nalix.analyzers.tests.dll" id="af8e4b3c-b03a-bf52-a91d-9b457985720b">
      <Execution id="f08d0e2d-6fc2-4372-b6a1-365b16ddd593" />
      <TestMethod codeBase="E:\Cs\Nalix\tests\Nalix.Analyzers.Tests\bin\Release\net10.0\Nalix.Analyzers.Tests.dll" adapterTypeName="executor://xunit/VsTestRunner3/netcore/" className="Nalix.Analyzers.Tests.MiddlewareAnalyzerTests" name="PacketMiddleware_WithoutOrder_ProducesDiagnostic" />
    </UnitTest>
    <UnitTest name="Nalix.Analyzers.Tests.PacketAnalyzerTests.ResetForPoolWithoutBaseCall_ProducesDiagnosticAndFix" storage="e:\cs\nalix\tests\nalix.analyzers.tests\bin\release\net10.0\nalix.analyzers.tests.dll" id="b6ac1a85-7c76-07de-bfe1-6901cb771433">
      <Execution id="aa4fee00-ed06-4c37-af33-03cb1104dc13" />
      <TestMethod codeBase="E:\Cs\Nalix\tests\Nalix.Analyzers.Tests\bin\Release\net10.0\Nalix.Analyzers.Tests.dll" adapterTypeName="executor://xunit/VsTestRunner3/netcore/" className="Nalix.Analyzers.Tests.PacketAnalyzerTests" name="ResetForPoolWithoutBaseCall_ProducesDiagnosticAndFix" />
    </UnitTest>
    <UnitTest name="Nalix.Analyzers.Tests.RequestOptionsAnalyzerTests.WithRetry_NegativeValue_ProducesDiagnostic" storage="e:\cs\nalix\tests\nalix.analyzers.tests\bin\release\net10.0\nalix.analyzers.tests.dll" id="90e71bf7-6b6d-072e-1baf-6e9715ba608d">
      <Execution id="4c9da131-0f08-48a8-84d0-5c1b903f1b38" />
      <TestMethod codeBase="E:\Cs\Nalix\tests\Nalix.Analyzers.Tests\bin\Release\net10.0\Nalix.Analyzers.Tests.dll" adapterTypeName="executor://xunit/VsTestRunner3/netcore/" className="Nalix.Analyzers.Tests.RequestOptionsAnalyzerTests" name="WithRetry_NegativeValue_ProducesDiagnostic" />
    </UnitTest>
    <UnitTest name="Nalix.Analyzers.Tests.ConfigurationAnalyzerTests.GetterOnlyOrNonPublicSetter_ProduceBindableInfoDiagnostic" storage="e:\cs\nalix\tests\nalix.analyzers.tests\bin\release\net10.0\nalix.analyzers.tests.dll" id="d8f09f2c-0f2f-aad4-0b90-b8e79a655e85">
      <Execution id="916b6c81-823f-41eb-9345-54fc1ca02b5c" />
      <TestMethod codeBase="E:\Cs\Nalix\tests\Nalix.Analyzers.Tests\bin\Release\net10.0\Nalix.Analyzers.Tests.dll" adapterTypeName="executor://xunit/VsTestRunner3/netcore/" className="Nalix.Analyzers.Tests.ConfigurationAnalyzerTests" name="GetterOnlyOrNonPublicSetter_ProduceBindableInfoDiagnostic" />
    </UnitTest>
    <UnitTest name="Nalix.Analyzers.Tests.MiddlewareAnalyzerTests.WithMiddleware_DuplicateOrderInChain_ProducesDiagnostic" storage="e:\cs\nalix\tests\nalix.analyzers.tests\bin\release\net10.0\nalix.analyzers.tests.dll" id="9d1ffd2d-f48e-ec03-a06b-1c887a877eb0">
      <Execution id="e54a560b-d6a9-44ef-8210-93a1ef5d56bb" />
      <TestMethod codeBase="E:\Cs\Nalix\tests\Nalix.Analyzers.Tests\bin\Release\net10.0\Nalix.Analyzers.Tests.dll" adapterTypeName="executor://xunit/VsTestRunner3/netcore/" className="Nalix.Analyzers.Tests.MiddlewareAnalyzerTests" name="WithMiddleware_DuplicateOrderInChain_ProducesDiagnostic" />
    </UnitTest>
    <UnitTest name="Nalix.Analyzers.Tests.MiddlewareAnalyzerTests.BufferMiddleware_WithoutOrder_CanAddOrderFix" storage="e:\cs\nalix\tests\nalix.analyzers.tests\bin\release\net10.0\nalix.analyzers.tests.dll" id="e9d063dc-b802-8c66-b506-c348bfc4ee53">
      <Execution id="c6bdab3c-0bf9-4c04-8a90-d04cb936436a" />
      <TestMethod codeBase="E:\Cs\Nalix\tests\Nalix.Analyzers.Tests\bin\Release\net10.0\Nalix.Analyzers.Tests.dll" adapterTypeName="executor://xunit/VsTestRunner3/netcore/" className="Nalix.Analyzers.Tests.MiddlewareAnalyzerTests" name="BufferMiddleware_WithoutOrder_CanAddOrderFix" />
    </UnitTest>
    <UnitTest name="Nalix.Analyzers.Tests.MiddlewareAnalyzerTests.PacketMiddleware_WithoutOrder_CanAddOrderFix" storage="e:\cs\nalix\tests\nalix.analyzers.tests\bin\release\net10.0\nalix.analyzers.tests.dll" id="6797f6cb-5fa1-6e94-1ba4-d4db42d67f2a">
      <Execution id="22c2c8b4-ffa4-400a-9e4b-e1a9bbfaa93d" />
      <TestMethod codeBase="E:\Cs\Nalix\tests\Nalix.Analyzers.Tests\bin\Release\net10.0\Nalix.Analyzers.Tests.dll" adapterTypeName="executor://xunit/VsTestRunner3/netcore/" className="Nalix.Analyzers.Tests.MiddlewareAnalyzerTests" name="PacketMiddleware_WithoutOrder_CanAddOrderFix" />
    </UnitTest>
    <UnitTest name="Nalix.Analyzers.Tests.RequestOptionsAnalyzerTests.WithTimeout_NegativeValue_ProducesDiagnostic" storage="e:\cs\nalix\tests\nalix.analyzers.tests\bin\release\net10.0\nalix.analyzers.tests.dll" id="087f6c70-e21f-17b2-73a1-55913815be22">
      <Execution id="d997f897-d34e-44a2-8262-203bb62f17ee" />
      <TestMethod codeBase="E:\Cs\Nalix\tests\Nalix.Analyzers.Tests\bin\Release\net10.0\Nalix.Analyzers.Tests.dll" adapterTypeName="executor://xunit/VsTestRunner3/netcore/" className="Nalix.Analyzers.Tests.RequestOptionsAnalyzerTests" name="WithTimeout_NegativeValue_ProducesDiagnostic" />
    </UnitTest>
    <UnitTest name="Nalix.Analyzers.Tests.PacketAnalyzerTests.PacketDeserializerSelfTypeMismatch_ProducesDiagnosticAndFix" storage="e:\cs\nalix\tests\nalix.analyzers.tests\bin\release\net10.0\nalix.analyzers.tests.dll" id="553d5d72-dc6f-1f86-01e9-b2ddf9feb6a5">
      <Execution id="52370cf6-a6cb-44eb-8db4-2aaf85c40257" />
      <TestMethod codeBase="E:\Cs\Nalix\tests\Nalix.Analyzers.Tests\bin\Release\net10.0\Nalix.Analyzers.Tests.dll" adapterTypeName="executor://xunit/VsTestRunner3/netcore/" className="Nalix.Analyzers.Tests.PacketAnalyzerTests" name="PacketDeserializerSelfTypeMismatch_ProducesDiagnosticAndFix" />
    </UnitTest>
    <UnitTest name="Nalix.Analyzers.Tests.MiddlewareAnalyzerTests.PacketMiddleware_WithOrder_IsSilent" storage="e:\cs\nalix\tests\nalix.analyzers.tests\bin\release\net10.0\nalix.analyzers.tests.dll" id="1172fced-ed36-fd42-ab50-5198f2c6db74">
      <Execution id="1ff84ca5-ad6e-409e-9b05-bbda41d9d7fb" />
      <TestMethod codeBase="E:\Cs\Nalix\tests\Nalix.Analyzers.Tests\bin\Release\net10.0\Nalix.Analyzers.Tests.dll" adapterTypeName="executor://xunit/VsTestRunner3/netcore/" className="Nalix.Analyzers.Tests.MiddlewareAnalyzerTests" name="PacketMiddleware_WithOrder_IsSilent" />
    </UnitTest>
    <UnitTest name="Nalix.Analyzers.Tests.MiddlewareAnalyzerTests.BufferMiddleware_WithoutOrder_ProducesDiagnostic" storage="e:\cs\nalix\tests\nalix.analyzers.tests\bin\release\net10.0\nalix.analyzers.tests.dll" id="c807cbc2-50d8-8fbd-71aa-f642530c1862">
      <Execution id="e849cae6-b917-4fc1-a2dd-caf0645fe178" />
      <TestMethod codeBase="E:\Cs\Nalix\tests\Nalix.Analyzers.Tests\bin\Release\net10.0\Nalix.Analyzers.Tests.dll" adapterTypeName="executor://xunit/VsTestRunner3/netcore/" className="Nalix.Analyzers.Tests.MiddlewareAnalyzerTests" name="BufferMiddleware_WithoutOrder_ProducesDiagnostic" />
    </UnitTest>
    <UnitTest name="Nalix.Analyzers.Tests.SerializationAnalyzerTests.MissingSerializeOrder_ProducesIgnoreFix" storage="e:\cs\nalix\tests\nalix.analyzers.tests\bin\release\net10.0\nalix.analyzers.tests.dll" id="cfe768ad-143a-b8a4-9d44-235d8f2494e1">
      <Execution id="94d4410b-50eb-4aa3-9835-490c2b0660a7" />
      <TestMethod codeBase="E:\Cs\Nalix\tests\Nalix.Analyzers.Tests\bin\Release\net10.0\Nalix.Analyzers.Tests.dll" adapterTypeName="executor://xunit/VsTestRunner3/netcore/" className="Nalix.Analyzers.Tests.SerializationAnalyzerTests" name="MissingSerializeOrder_ProducesIgnoreFix" />
    </UnitTest>
    <UnitTest name="Nalix.Analyzers.Tests.AdvancedPacketAnalyzerTests.RegisterPacketWithAbstractType_ProducesDiagnostic" storage="e:\cs\nalix\tests\nalix.analyzers.tests\bin\release\net10.0\nalix.analyzers.tests.dll" id="1d512ea1-21d2-0998-78a6-cdefa6b71591">
      <Execution id="afc278b0-1f2f-48ca-95d6-d674b595c65a" />
      <TestMethod codeBase="E:\Cs\Nalix\tests\Nalix.Analyzers.Tests\bin\Release\net10.0\Nalix.Analyzers.Tests.dll" adapterTypeName="executor://xunit/VsTestRunner3/netcore/" className="Nalix.Analyzers.Tests.AdvancedPacketAnalyzerTests" name="RegisterPacketWithAbstractType_ProducesDiagnostic" />
    </UnitTest>
    <UnitTest name="Nalix.Analyzers.Tests.SerializationAnalyzerTests.DuplicateSerializeOrder_ProducesDiagnosticAndFix" storage="e:\cs\nalix\tests\nalix.analyzers.tests\bin\release\net10.0\nalix.analyzers.tests.dll" id="a82f19b7-4f41-db59-59e1-308845973c5b">
      <Execution id="3fab8272-d863-4aa3-8092-30638ccecfcb" />
      <TestMethod codeBase="E:\Cs\Nalix\tests\Nalix.Analyzers.Tests\bin\Release\net10.0\Nalix.Analyzers.Tests.dll" adapterTypeName="executor://xunit/VsTestRunner3/netcore/" className="Nalix.Analyzers.Tests.SerializationAnalyzerTests" name="DuplicateSerializeOrder_ProducesDiagnosticAndFix" />
    </UnitTest>
    <UnitTest name="Nalix.Analyzers.Tests.CustomControllerAnalyzerTests.NonReservedOpcode_IsSilent" storage="e:\cs\nalix\tests\nalix.analyzers.tests\bin\release\net10.0\nalix.analyzers.tests.dll" id="476759b3-54fe-8bac-8a29-3d0da9fd3e85">
      <Execution id="92d23c2d-5981-465e-bcf4-8c0b12212731" />
      <TestMethod codeBase="E:\Cs\Nalix\tests\Nalix.Analyzers.Tests\bin\Release\net10.0\Nalix.Analyzers.Tests.dll" adapterTypeName="executor://xunit/VsTestRunner3/netcore/" className="Nalix.Analyzers.Tests.CustomControllerAnalyzerTests" name="NonReservedOpcode_IsSilent" />
    </UnitTest>
    <UnitTest name="Nalix.Analyzers.Tests.ConfigurationAnalyzerTests.UnsupportedConfigurationProperty_WithConfiguredIgnore_IsSilent" storage="e:\cs\nalix\tests\nalix.analyzers.tests\bin\release\net10.0\nalix.analyzers.tests.dll" id="1c587b82-6ed9-cbb6-201a-1345752d6a9e">
      <Execution id="4f4ba828-874c-4895-87b7-71f4c0c7a52f" />
      <TestMethod codeBase="E:\Cs\Nalix\tests\Nalix.Analyzers.Tests\bin\Release\net10.0\Nalix.Analyzers.Tests.dll" adapterTypeName="executor://xunit/VsTestRunner3/netcore/" className="Nalix.Analyzers.Tests.ConfigurationAnalyzerTests" name="UnsupportedConfigurationProperty_WithConfiguredIgnore_IsSilent" />
    </UnitTest>
    <UnitTest name="Nalix.Analyzers.Tests.AdvancedSerializationAnalyzerTests.MissingSerializeOrder_CanUseSecondCodeFixToAddNextOrder" storage="e:\cs\nalix\tests\nalix.analyzers.tests\bin\release\net10.0\nalix.analyzers.tests.dll" id="6a63f11a-b041-6b80-9f4d-c038e1a225dd">
      <Execution id="4f20850f-a4ad-4ee9-9377-d178d8ba7b6b" />
      <TestMethod codeBase="E:\Cs\Nalix\tests\Nalix.Analyzers.Tests\bin\Release\net10.0\Nalix.Analyzers.Tests.dll" adapterTypeName="executor://xunit/VsTestRunner3/netcore/" className="Nalix.Analyzers.Tests.AdvancedSerializationAnalyzerTests" name="MissingSerializeOrder_CanUseSecondCodeFixToAddNextOrder" />
    </UnitTest>
    <UnitTest name="Nalix.Analyzers.Tests.CustomControllerAnalyzerTests.BufferLeaseLeak_ProducesDiagnostic" storage="e:\cs\nalix\tests\nalix.analyzers.tests\bin\release\net10.0\nalix.analyzers.tests.dll" id="53b2c395-8dea-c402-af08-761fdc366815">
      <Execution id="bde65ce5-aa8b-4df4-a9f6-3e9cfc32180a" />
      <TestMethod codeBase="E:\Cs\Nalix\tests\Nalix.Analyzers.Tests\bin\Release\net10.0\Nalix.Analyzers.Tests.dll" adapterTypeName="executor://xunit/VsTestRunner3/netcore/" className="Nalix.Analyzers.Tests.CustomControllerAnalyzerTests" name="BufferLeaseLeak_ProducesDiagnostic" />
    </UnitTest>
    <UnitTest name="Nalix.Analyzers.Tests.MetadataProviderAnalyzerTests.Populate_OverwritesOpcodeWithGuard_IsSilent" storage="e:\cs\nalix\tests\nalix.analyzers.tests\bin\release\net10.0\nalix.analyzers.tests.dll" id="a845517e-845a-4b97-1cb4-2e6f48438b6c">
      <Execution id="271a2595-db44-4ea2-a068-c34de54248e2" />
      <TestMethod codeBase="E:\Cs\Nalix\tests\Nalix.Analyzers.Tests\bin\Release\net10.0\Nalix.Analyzers.Tests.dll" adapterTypeName="executor://xunit/VsTestRunner3/netcore/" className="Nalix.Analyzers.Tests.MetadataProviderAnalyzerTests" name="Populate_OverwritesOpcodeWithGuard_IsSilent" />
    </UnitTest>
    <UnitTest name="Nalix.Analyzers.Tests.MiddlewareAnalyzerTests.InboundMiddleware_WithAlwaysExecute_ProducesDiagnostic" storage="e:\cs\nalix\tests\nalix.analyzers.tests\bin\release\net10.0\nalix.analyzers.tests.dll" id="fa87183e-5704-8c1e-dea8-e61bcb23d312">
      <Execution id="535e9cc8-bc74-47c0-b1fb-ec7d84623d20" />
      <TestMethod codeBase="E:\Cs\Nalix\tests\Nalix.Analyzers.Tests\bin\Release\net10.0\Nalix.Analyzers.Tests.dll" adapterTypeName="executor://xunit/VsTestRunner3/netcore/" className="Nalix.Analyzers.Tests.MiddlewareAnalyzerTests" name="InboundMiddleware_WithAlwaysExecute_ProducesDiagnostic" />
    </UnitTest>
    <UnitTest name="Nalix.Analyzers.Tests.MiddlewareAnalyzerTests.InboundMiddleware_WithAlwaysExecute_CanRemoveFlagFix" storage="e:\cs\nalix\tests\nalix.analyzers.tests\bin\release\net10.0\nalix.analyzers.tests.dll" id="02bb0837-1a3f-78a5-8691-bfd9a7bef376">
      <Execution id="3f731cf2-b8e6-43f8-ae1d-d1a117f44160" />
      <TestMethod codeBase="E:\Cs\Nalix\tests\Nalix.Analyzers.Tests\bin\Release\net10.0\Nalix.Analyzers.Tests.dll" adapterTypeName="executor://xunit/VsTestRunner3/netcore/" className="Nalix.Analyzers.Tests.MiddlewareAnalyzerTests" name="InboundMiddleware_WithAlwaysExecute_CanRemoveFlagFix" />
    </UnitTest>
    <UnitTest name="Nalix.Analyzers.Tests.RoutingCodeFixTests.MissingPacketOpcode_ProducesCodeFix" storage="e:\cs\nalix\tests\nalix.analyzers.tests\bin\release\net10.0\nalix.analyzers.tests.dll" id="57e0c112-79f5-44c4-daa2-53bd8d79b43e">
      <Execution id="980b8e99-5298-4334-869e-ae4135480fca" />
      <TestMethod codeBase="E:\Cs\Nalix\tests\Nalix.Analyzers.Tests\bin\Release\net10.0\Nalix.Analyzers.Tests.dll" adapterTypeName="executor://xunit/VsTestRunner3/netcore/" className="Nalix.Analyzers.Tests.RoutingCodeFixTests" name="MissingPacketOpcode_ProducesCodeFix" />
    </UnitTest>
    <UnitTest name="Nalix.Analyzers.Tests.CustomControllerAnalyzerTests.ReservedOpcode_ProducesDiagnostic" storage="e:\cs\nalix\tests\nalix.analyzers.tests\bin\release\net10.0\nalix.analyzers.tests.dll" id="4ad3472b-d615-ef86-bad7-2284b22bb3cb">
      <Execution id="a44d9399-2204-42d2-b9d5-0eac8a9c7de7" />
      <TestMethod codeBase="E:\Cs\Nalix\tests\Nalix.Analyzers.Tests\bin\Release\net10.0\Nalix.Analyzers.Tests.dll" adapterTypeName="executor://xunit/VsTestRunner3/netcore/" className="Nalix.Analyzers.Tests.CustomControllerAnalyzerTests" name="ReservedOpcode_ProducesDiagnostic" />
    </UnitTest>
    <UnitTest name="Nalix.Analyzers.Tests.ConfigurationAnalyzerTests.PrivateSetterProperty_CanMakeSetterPublicFix" storage="e:\cs\nalix\tests\nalix.analyzers.tests\bin\release\net10.0\nalix.analyzers.tests.dll" id="644f27b2-7fa1-4210-9051-8329d307155d">
      <Execution id="cd9e32fb-7e68-4d50-84c9-0fc01d0f8998" />
      <TestMethod codeBase="E:\Cs\Nalix\tests\Nalix.Analyzers.Tests\bin\Release\net10.0\Nalix.Analyzers.Tests.dll" adapterTypeName="executor://xunit/VsTestRunner3/netcore/" className="Nalix.Analyzers.Tests.ConfigurationAnalyzerTests" name="PrivateSetterProperty_CanMakeSetterPublicFix" />
    </UnitTest>
  </TestDefinitions>
  <TestEntries>
    <TestEntry testId="af6d4f02-8ae3-6e77-402c-1f2320469cd6" executionId="009e3239-4312-424e-a4b0-aa02e56be93c" testListId="8c84fa94-04c1-424b-9868-57a2d4851a1d" />
    <TestEntry testId="bc947863-5f32-aaa8-c1dd-4b5bc8b9712e" executionId="52372be9-abf5-436e-9356-be4fec6356f0" testListId="8c84fa94-04c1-424b-9868-57a2d4851a1d" />
    <TestEntry testId="d8f09f2c-0f2f-aad4-0b90-b8e79a655e85" executionId="916b6c81-823f-41eb-9345-54fc1ca02b5c" testListId="8c84fa94-04c1-424b-9868-57a2d4851a1d" />
    <TestEntry testId="8cfb9b76-1397-1d1b-3ee4-53fe6dadfeee" executionId="96d3ad5d-37bb-42d4-a992-823849ff4bee" testListId="8c84fa94-04c1-424b-9868-57a2d4851a1d" />
    <TestEntry testId="eaea3806-5bba-8165-e0d9-9a7629fbb726" executionId="2b5cfa13-89e1-4201-a5b7-cf62d09c8a82" testListId="8c84fa94-04c1-424b-9868-57a2d4851a1d" />
    <TestEntry testId="1172fced-ed36-fd42-ab50-5198f2c6db74" executionId="1ff84ca5-ad6e-409e-9b05-bbda41d9d7fb" testListId="8c84fa94-04c1-424b-9868-57a2d4851a1d" />
    <TestEntry testId="97930659-e23e-6d1d-1193-43dfe3355161" executionId="7429c6e5-408b-4f71-8131-39d1c5d3de70" testListId="8c84fa94-04c1-424b-9868-57a2d4851a1d" />
    <TestEntry testId="a82f19b7-4f41-db59-59e1-308845973c5b" executionId="3fab8272-d863-4aa3-8092-30638ccecfcb" testListId="8c84fa94-04c1-424b-9868-57a2d4851a1d" />
    <TestEntry testId="6797f6cb-5fa1-6e94-1ba4-d4db42d67f2a" executionId="22c2c8b4-ffa4-400a-9e4b-e1a9bbfaa93d" testListId="8c84fa94-04c1-424b-9868-57a2d4851a1d" />
    <TestEntry testId="40e1a7bc-ef47-ae7f-9b42-b865f6af6606" executionId="9b121e88-c38e-4e72-b4f2-2603627903de" testListId="8c84fa94-04c1-424b-9868-57a2d4851a1d" />
    <TestEntry testId="d91c6aa1-d5b4-42ae-704a-d9dcbc9dc36f" executionId="22fa7d2d-bc54-4a50-8751-7aa34a09c2a7" testListId="8c84fa94-04c1-424b-9868-57a2d4851a1d" />
    <TestEntry testId="af8e4b3c-b03a-bf52-a91d-9b457985720b" executionId="f08d0e2d-6fc2-4372-b6a1-365b16ddd593" testListId="8c84fa94-04c1-424b-9868-57a2d4851a1d" />
    <TestEntry testId="57e0c112-79f5-44c4-daa2-53bd8d79b43e" executionId="980b8e99-5298-4334-869e-ae4135480fca" testListId="8c84fa94-04c1-424b-9868-57a2d4851a1d" />
    <TestEntry testId="9d1ffd2d-f48e-ec03-a06b-1c887a877eb0" executionId="e54a560b-d6a9-44ef-8210-93a1ef5d56bb" testListId="8c84fa94-04c1-424b-9868-57a2d4851a1d" />
    <TestEntry testId="b6ac1a85-7c76-07de-bfe1-6901cb771433" executionId="aa4fee00-ed06-4c37-af33-03cb1104dc13" testListId="8c84fa94-04c1-424b-9868-57a2d4851a1d" />
    <TestEntry testId="087f6c70-e21f-17b2-73a1-55913815be22" executionId="d997f897-d34e-44a2-8262-203bb62f17ee" testListId="8c84fa94-04c1-424b-9868-57a2d4851a1d" />
    <TestEntry testId="53b2c395-8dea-c402-af08-761fdc366815" executionId="bde65ce5-aa8b-4df4-a9f6-3e9cfc32180a" testListId="8c84fa94-04c1-424b-9868-57a2d4851a1d" />
    <TestEntry testId="4ad3472b-d615-ef86-bad7-2284b22bb3cb" executionId="a44d9399-2204-42d2-b9d5-0eac8a9c7de7" testListId="8c84fa94-04c1-424b-9868-57a2d4851a1d" />
    <TestEntry testId="1c587b82-6ed9-cbb6-201a-1345752d6a9e" executionId="4f4ba828-874c-4895-87b7-71f4c0c7a52f" testListId="8c84fa94-04c1-424b-9868-57a2d4851a1d" />
    <TestEntry testId="83685f09-89df-c9dd-5d2c-f5031684e893" executionId="370a9467-4d2c-4329-a9f9-1baea384fab5" testListId="8c84fa94-04c1-424b-9868-57a2d4851a1d" />
    <TestEntry testId="2e1556c3-680c-dd0a-0cf3-b600eb6dd35c" executionId="4c05bd67-2db5-464c-90e4-97b77f2b59ca" testListId="8c84fa94-04c1-424b-9868-57a2d4851a1d" />
    <TestEntry testId="eee86d3f-e581-c869-7018-5c012ee91de0" executionId="0de38a9c-ac90-402d-8239-20c3ed7bccd7" testListId="8c84fa94-04c1-424b-9868-57a2d4851a1d" />
    <TestEntry testId="a3609e1e-f172-5aaf-1fa3-63cd2847bdfc" executionId="ab4e77e3-08b1-4c2b-ae1b-d842ffc71bd8" testListId="8c84fa94-04c1-424b-9868-57a2d4851a1d" />
    <TestEntry testId="193dc9fc-2102-2bc2-bcf1-2538ef1c1760" executionId="5915b159-714d-430c-adbe-9618b883a81a" testListId="8c84fa94-04c1-424b-9868-57a2d4851a1d" />
    <TestEntry testId="476759b3-54fe-8bac-8a29-3d0da9fd3e85" executionId="92d23c2d-5981-465e-bcf4-8c0b12212731" testListId="8c84fa94-04c1-424b-9868-57a2d4851a1d" />
    <TestEntry testId="c807cbc2-50d8-8fbd-71aa-f642530c1862" executionId="e849cae6-b917-4fc1-a2dd-caf0645fe178" testListId="8c84fa94-04c1-424b-9868-57a2d4851a1d" />
    <TestEntry testId="644f27b2-7fa1-4210-9051-8329d307155d" executionId="cd9e32fb-7e68-4d50-84c9-0fc01d0f8998" testListId="8c84fa94-04c1-424b-9868-57a2d4851a1d" />
    <TestEntry testId="02bb0837-1a3f-78a5-8691-bfd9a7bef376" executionId="3f731cf2-b8e6-43f8-ae1d-d1a117f44160" testListId="8c84fa94-04c1-424b-9868-57a2d4851a1d" />
    <TestEntry testId="6a63f11a-b041-6b80-9f4d-c038e1a225dd" executionId="4f20850f-a4ad-4ee9-9377-d178d8ba7b6b" testListId="8c84fa94-04c1-424b-9868-57a2d4851a1d" />
    <TestEntry testId="cb02afeb-34a8-aa45-1143-ee31a1c383cf" executionId="658b5547-1693-4905-80d9-5cc13218ed04" testListId="8c84fa94-04c1-424b-9868-57a2d4851a1d" />
    <TestEntry testId="e9d063dc-b802-8c66-b506-c348bfc4ee53" executionId="c6bdab3c-0bf9-4c04-8a90-d04cb936436a" testListId="8c84fa94-04c1-424b-9868-57a2d4851a1d" />
    <TestEntry testId="90e71bf7-6b6d-072e-1baf-6e9715ba608d" executionId="4c9da131-0f08-48a8-84d0-5c1b903f1b38" testListId="8c84fa94-04c1-424b-9868-57a2d4851a1d" />
    <TestEntry testId="06b5b25b-c00d-0f8a-426f-2af87a6a839d" executionId="f0c1cecf-5f68-4462-961c-b3fb7a2af17b" testListId="8c84fa94-04c1-424b-9868-57a2d4851a1d" />
    <TestEntry testId="553d5d72-dc6f-1f86-01e9-b2ddf9feb6a5" executionId="52370cf6-a6cb-44eb-8db4-2aaf85c40257" testListId="8c84fa94-04c1-424b-9868-57a2d4851a1d" />
    <TestEntry testId="d467bf9a-44a6-1b51-e176-a77c903690ef" executionId="b3804e8e-90f9-4097-9930-4e631eb34e43" testListId="8c84fa94-04c1-424b-9868-57a2d4851a1d" />
    <TestEntry testId="fa87183e-5704-8c1e-dea8-e61bcb23d312" executionId="535e9cc8-bc74-47c0-b1fb-ec7d84623d20" testListId="8c84fa94-04c1-424b-9868-57a2d4851a1d" />
    <TestEntry testId="cfe768ad-143a-b8a4-9d44-235d8f2494e1" executionId="94d4410b-50eb-4aa3-9835-490c2b0660a7" testListId="8c84fa94-04c1-424b-9868-57a2d4851a1d" />
    <TestEntry testId="a845517e-845a-4b97-1cb4-2e6f48438b6c" executionId="271a2595-db44-4ea2-a068-c34de54248e2" testListId="8c84fa94-04c1-424b-9868-57a2d4851a1d" />
    <TestEntry testId="8b0f9a98-c067-f5be-ef79-a8072869f1ec" executionId="4c8d71de-819f-45d3-a06f-455a13f91a08" testListId="8c84fa94-04c1-424b-9868-57a2d4851a1d" />
    <TestEntry testId="1d512ea1-21d2-0998-78a6-cdefa6b71591" executionId="afc278b0-1f2f-48ca-95d6-d674b595c65a" testListId="8c84fa94-04c1-424b-9868-57a2d4851a1d" />
  </TestEntries>
  <TestLists>
    <TestList name="Results Not in a List" id="8c84fa94-04c1-424b-9868-57a2d4851a1d" />
    <TestList name="All Loaded Results" id="19431567-8539-422a-85d7-44ee4e166bda" />
  </TestLists>
  <ResultSummary outcome="Completed">
    <Counters total="40" executed="40" passed="40" failed="0" error="0" timeout="0" aborted="0" inconclusive="0" passedButRunAborted="0" notRunnable="0" notExecuted="0" disconnected="0" warning="0" completed="0" inProgress="0" pending="0" />
    <Output>
      <StdOut>[xUnit.net 00:00:00.00] xUnit.net VSTest Adapter v3.1.5+1b188a7b0a (64-bit .NET 10.0.5)&#xD;
[xUnit.net 00:00:00.05]   Discovering: Nalix.Analyzers.Tests&#xD;
[xUnit.net 00:00:00.09]   Discovered:  Nalix.Analyzers.Tests&#xD;
[xUnit.net 00:00:00.12]   Starting:    Nalix.Analyzers.Tests&#xD;
[xUnit.net 00:00:03.09]   Finished:    Nalix.Analyzers.Tests&#xD;
</StdOut>
    </Output>
  </ResultSummary>
</TestRun>