<?xml version="1.0" encoding="utf-8"?>
<TestRun id="801da2aa-9228-4f49-8277-db8103983b6b" name="pngz@PHCNGUYEN 2026-04-12 16:22:15" runUser="PHCNGUYEN\pngz" xmlns="http://microsoft.com/schemas/VisualStudio/TeamTest/2010">
  <Times creation="2026-04-12T16:22:15.9629044+07:00" queuing="2026-04-12T16:22:15.9629050+07:00" start="2026-04-12T16:22:15.1201221+07:00" finish="2026-04-12T16:22:16.7468070+07:00" />
  <TestSettings name="default" id="490a0f60-c9ad-4524-8b65-9f57e4f213cc">
    <Deployment runDeploymentRoot="pngz_PHCNGUYEN_2026-04-12_16_22_15" />
  </TestSettings>
  <Results>
    <UnitTestResult executionId="2a8d6727-5d82-4182-acb2-08c104263a25" testId="29045f5e-304d-ed20-e518-dfcc7bd598c3" testName="Nalix.Network.Tests.ConnectionHubTests.UnregisterConnection_DecrementsCount_AndRaisesEvent" computerName="PHCNGUYEN" duration="00:00:00.0047713" startTime="2026-04-12T16:22:16.6405352+07:00" endTime="2026-04-12T16:22:16.6448196+07:00" testType="13cdc9d9-ddb5-4fa4-a97d-d965ccfc6d4b" outcome="Passed" testListId="8c84fa94-04c1-424b-9868-57a2d4851a1d" relativeResultsDirectory="2a8d6727-5d82-4182-acb2-08c104263a25" />
    <UnitTestResult executionId="1632e358-8fab-4395-b5f2-6b13c85881f1" testId="ae5cff37-9bd8-c194-7927-c7b58a3bd1c3" testName="Nalix.Network.Tests.ConnectionHubSessionTests.TryResumeSession_RestoresState_AndFailsIfOldConnectionActive" computerName="PHCNGUYEN" duration="00:00:00.0041897" startTime="2026-04-12T16:22:16.6498577+07:00" endTime="2026-04-12T16:22:16.6543929+07:00" testType="13cdc9d9-ddb5-4fa4-a97d-d965ccfc6d4b" outcome="Passed" testListId="8c84fa94-04c1-424b-9868-57a2d4851a1d" relativeResultsDirectory="1632e358-8fab-4395-b5f2-6b13c85881f1" />
    <UnitTestResult executionId="767af30a-383b-4f65-ba9c-28fcf87897eb" testId="72b6907e-119b-7a93-48b8-33be0363a8fd" testName="Nalix.Network.Tests.ConnectionHubSessionTests.TryResumeSession_PersistsState_AfterModifications" computerName="PHCNGUYEN" duration="00:00:01.0679475" startTime="2026-04-12T16:22:15.5659696+07:00" endTime="2026-04-12T16:22:16.6407069+07:00" testType="13cdc9d9-ddb5-4fa4-a97d-d965ccfc6d4b" outcome="Passed" testListId="8c84fa94-04c1-424b-9868-57a2d4851a1d" relativeResultsDirectory="767af30a-383b-4f65-ba9c-28fcf87897eb" />
    <UnitTestResult executionId="9718dce2-ec77-4fb8-bdec-40429ac66f2a" testId="0014c6b0-5a02-5c7f-8430-a5e0a7800565" testName="Nalix.Network.Tests.AsyncCallbackDispatchTests.Send_PostProcessCallback_DoesNotConsumeReceivePendingSlot" computerName="PHCNGUYEN" duration="00:00:00.0041851" startTime="2026-04-12T16:22:16.6834940+07:00" endTime="2026-04-12T16:22:16.6877914+07:00" testType="13cdc9d9-ddb5-4fa4-a97d-d965ccfc6d4b" outcome="Passed" testListId="8c84fa94-04c1-424b-9868-57a2d4851a1d" relativeResultsDirectory="9718dce2-ec77-4fb8-bdec-40429ac66f2a" />
    <UnitTestResult executionId="531da276-2e2d-4367-9237-5f44a102a7ca" testId="ef658690-d6a4-64c6-e615-3aecabbfb7dd" testName="Nalix.Network.Tests.ConnectionHubTests.RegisterConnection_IncrementsCount_AndAllowsLookup" computerName="PHCNGUYEN" duration="00:00:01.0679816" startTime="2026-04-12T16:22:15.5660218+07:00" endTime="2026-04-12T16:22:16.6401304+07:00" testType="13cdc9d9-ddb5-4fa4-a97d-d965ccfc6d4b" outcome="Passed" testListId="8c84fa94-04c1-424b-9868-57a2d4851a1d" relativeResultsDirectory="531da276-2e2d-4367-9237-5f44a102a7ca" />
    <UnitTestResult executionId="6f701967-2194-4c02-be25-d9b5e308d57c" testId="49f6a5bd-9158-40e5-c05f-b7a4396451b0" testName="Nalix.Network.Tests.NetworkSmokeTests.NetworkEndpointInterfaceProperties_RemainAccessibleThroughInterface" computerName="PHCNGUYEN" duration="00:00:00.0040201" startTime="2026-04-12T16:22:15.8894697+07:00" endTime="2026-04-12T16:22:15.8926834+07:00" testType="13cdc9d9-ddb5-4fa4-a97d-d965ccfc6d4b" outcome="Passed" testListId="8c84fa94-04c1-424b-9868-57a2d4851a1d" relativeResultsDirectory="6f701967-2194-4c02-be25-d9b5e308d57c" />
    <UnitTestResult executionId="27ff6c85-9a1c-401f-9840-19ae899a4b28" testId="d1ede3b7-e533-555a-f2ca-e96bfa2a6684" testName="Nalix.Network.Tests.ConnectionHubSessionTests.UpdateSession_ManuallySyncsState" computerName="PHCNGUYEN" duration="00:00:00.0038245" startTime="2026-04-12T16:22:16.6410944+07:00" endTime="2026-04-12T16:22:16.6441420+07:00" testType="13cdc9d9-ddb5-4fa4-a97d-d965ccfc6d4b" outcome="Passed" testListId="8c84fa94-04c1-424b-9868-57a2d4851a1d" relativeResultsDirectory="27ff6c85-9a1c-401f-9840-19ae899a4b28" />
    <UnitTestResult executionId="e561ab3f-8bda-4a8d-ac67-c8045a1bc4fd" testId="01884d30-0dbd-bf1e-c108-f78cb20a7fba" testName="Nalix.Network.Tests.PacketContextBridgeDispatchTests.ExecuteResolvedHandlerAsync_BridgesTypedInterfaceContext_WhenDispatcherUsesIPacket" computerName="PHCNGUYEN" duration="00:00:01.0618571" startTime="2026-04-12T16:22:15.5644747+07:00" endTime="2026-04-12T16:22:16.6345618+07:00" testType="13cdc9d9-ddb5-4fa4-a97d-d965ccfc6d4b" outcome="Passed" testListId="8c84fa94-04c1-424b-9868-57a2d4851a1d" relativeResultsDirectory="e561ab3f-8bda-4a8d-ac67-c8045a1bc4fd" />
    <UnitTestResult executionId="e333511b-16ef-4535-b33a-3c76393183b9" testId="3f93e501-47a2-a0b4-1cdd-86afe6808b34" testName="Nalix.Network.Tests.NetworkSmokeTests.Validate_ConnectionLimitOptions_DefaultsAreValid" computerName="PHCNGUYEN" duration="00:00:00.0017070" startTime="2026-04-12T16:22:15.9265796+07:00" endTime="2026-04-12T16:22:15.9266308+07:00" testType="13cdc9d9-ddb5-4fa4-a97d-d965ccfc6d4b" outcome="Passed" testListId="8c84fa94-04c1-424b-9868-57a2d4851a1d" relativeResultsDirectory="e333511b-16ef-4535-b33a-3c76393183b9" />
    <UnitTestResult executionId="e44ebb3c-c602-4203-baa9-b156e83ab2c6" testId="c8e8f263-85af-959d-9848-1f97c42db434" testName="Nalix.Network.Tests.PolicyRateLimiterTests.Evaluate_StalePolicyEntry_IsEvictedBySweep" computerName="PHCNGUYEN" duration="00:00:00.0060703" startTime="2026-04-12T16:22:16.6399540+07:00" endTime="2026-04-12T16:22:16.6433183+07:00" testType="13cdc9d9-ddb5-4fa4-a97d-d965ccfc6d4b" outcome="Passed" testListId="8c84fa94-04c1-424b-9868-57a2d4851a1d" relativeResultsDirectory="e44ebb3c-c602-4203-baa9-b156e83ab2c6" />
    <UnitTestResult executionId="ed4fb482-086d-496b-ac1e-ec457111d2ea" testId="52d5a6ea-ace0-1281-e683-d9b05cf0a6e6" testName="Nalix.Network.Tests.UdpListenerTests.ProcessDatagram_InvalidTransport_IncrementsDropShort" computerName="PHCNGUYEN" duration="00:00:00.0002775" startTime="2026-04-12T16:22:16.5489183+07:00" endTime="2026-04-12T16:22:16.5490501+07:00" testType="13cdc9d9-ddb5-4fa4-a97d-d965ccfc6d4b" outcome="Passed" testListId="8c84fa94-04c1-424b-9868-57a2d4851a1d" relativeResultsDirectory="ed4fb482-086d-496b-ac1e-ec457111d2ea" />
    <UnitTestResult executionId="f7647acc-8c5e-40f0-a56f-25b7394c512c" testId="a66d1ea0-99ff-bb4c-8ae5-0563bf065476" testName="Nalix.Network.Tests.PacketContextBridgeDispatchTests.ExecuteResolvedHandlerAsync_BridgesTypedConcreteContext_WhenDispatcherUsesIPacket" computerName="PHCNGUYEN" duration="00:00:00.0101197" startTime="2026-04-12T16:22:16.6351547+07:00" endTime="2026-04-12T16:22:16.6450452+07:00" testType="13cdc9d9-ddb5-4fa4-a97d-d965ccfc6d4b" outcome="Passed" testListId="8c84fa94-04c1-424b-9868-57a2d4851a1d" relativeResultsDirectory="f7647acc-8c5e-40f0-a56f-25b7394c512c" />
    <UnitTestResult executionId="58350d5e-fe18-4241-aae1-14e8ff46df34" testId="5a192b73-e044-443a-70be-e90b95d80466" testName="Nalix.Network.Tests.AsyncCallbackDispatchTests.InjectIncoming_QueuesProcessCallbackOnce_AndDoesNotUnderflowPendingPackets" computerName="PHCNGUYEN" duration="00:00:00.0040278" startTime="2026-04-12T16:22:16.6790711+07:00" endTime="2026-04-12T16:22:16.6833085+07:00" testType="13cdc9d9-ddb5-4fa4-a97d-d965ccfc6d4b" outcome="Passed" testListId="8c84fa94-04c1-424b-9868-57a2d4851a1d" relativeResultsDirectory="58350d5e-fe18-4241-aae1-14e8ff46df34" />
    <UnitTestResult executionId="44ea1f6e-0a92-41b7-9fe4-8a908ff8e43d" testId="8742b74a-307e-f5c5-5f14-f6981bd8f9b9" testName="Nalix.Network.Tests.UdpListenerTests.ConnectionUnregistered_PrunesEndpointCache" computerName="PHCNGUYEN" duration="00:00:00.0851630" startTime="2026-04-12T16:22:16.5494211+07:00" endTime="2026-04-12T16:22:16.6353122+07:00" testType="13cdc9d9-ddb5-4fa4-a97d-d965ccfc6d4b" outcome="Passed" testListId="8c84fa94-04c1-424b-9868-57a2d4851a1d" relativeResultsDirectory="44ea1f6e-0a92-41b7-9fe4-8a908ff8e43d" />
    <UnitTestResult executionId="666f1c01-6a3d-424f-a066-da5ddd7a845c" testId="ad4f3f54-18a9-06d1-a11b-332338edc0b8" testName="Nalix.Network.Tests.SocketConnectionFragmentationTests.BeginReceive_FragmentedFrame_CreatesFragmentAssemblerOnDemand" computerName="PHCNGUYEN" duration="00:00:00.0193683" startTime="2026-04-12T16:22:16.6554023+07:00" endTime="2026-04-12T16:22:16.6750761+07:00" testType="13cdc9d9-ddb5-4fa4-a97d-d965ccfc6d4b" outcome="Passed" testListId="8c84fa94-04c1-424b-9868-57a2d4851a1d" relativeResultsDirectory="666f1c01-6a3d-424f-a066-da5ddd7a845c" />
    <UnitTestResult executionId="535bb477-f6d2-46e5-a962-de745f20eb5d" testId="5ae2ceea-cab5-ee9d-cbcb-e44173d396d1" testName="Nalix.Network.Tests.PooledSocketReceiveContextTests.ReceiveAsync_AsyncCompletion_ReusesManualResetValueTaskSourceAcrossOperations" computerName="PHCNGUYEN" duration="00:00:00.0495951" startTime="2026-04-12T16:22:15.5660584+07:00" endTime="2026-04-12T16:22:15.6275458+07:00" testType="13cdc9d9-ddb5-4fa4-a97d-d965ccfc6d4b" outcome="Passed" testListId="8c84fa94-04c1-424b-9868-57a2d4851a1d" relativeResultsDirectory="535bb477-f6d2-46e5-a962-de745f20eb5d" />
    <UnitTestResult executionId="a18e7abb-8a3f-458f-b6e9-71d26614917a" testId="5454192c-e470-53ce-d223-7ad1e0cf5f69" testName="Nalix.Network.Tests.NetworkSmokeTests.Evaluate_ConcurrentCalls_OnSameEndpoint_DoNotThrow" computerName="PHCNGUYEN" duration="00:00:00.0103319" startTime="2026-04-12T16:22:15.9268040+07:00" endTime="2026-04-12T16:22:15.9268509+07:00" testType="13cdc9d9-ddb5-4fa4-a97d-d965ccfc6d4b" outcome="Passed" testListId="8c84fa94-04c1-424b-9868-57a2d4851a1d" relativeResultsDirectory="a18e7abb-8a3f-458f-b6e9-71d26614917a" />
    <UnitTestResult executionId="52e33e9c-a86f-471c-9a8a-676ceb863a20" testId="0037f558-8826-1675-fd16-3383b0e7ede3" testName="Nalix.Network.Tests.ConnectionHubSessionTests.CreateSession_CapturesConnectionState" computerName="PHCNGUYEN" duration="00:00:00.0050871" startTime="2026-04-12T16:22:16.6443963+07:00" endTime="2026-04-12T16:22:16.6496536+07:00" testType="13cdc9d9-ddb5-4fa4-a97d-d965ccfc6d4b" outcome="Passed" testListId="8c84fa94-04c1-424b-9868-57a2d4851a1d" relativeResultsDirectory="52e33e9c-a86f-471c-9a8a-676ceb863a20" />
    <UnitTestResult executionId="f2bb4c2a-e3b6-417c-9346-e61e5f4a45ad" testId="6befbf29-f2c5-4e94-a816-b0d622f112b4" testName="Nalix.Network.Tests.UdpListenerTests.ProcessDatagram_ShortPacket_IncrementsDropShort" computerName="PHCNGUYEN" duration="00:00:00.0002170" startTime="2026-04-12T16:22:16.5491846+07:00" endTime="2026-04-12T16:22:16.5492916+07:00" testType="13cdc9d9-ddb5-4fa4-a97d-d965ccfc6d4b" outcome="Passed" testListId="8c84fa94-04c1-424b-9868-57a2d4851a1d" relativeResultsDirectory="f2bb4c2a-e3b6-417c-9346-e61e5f4a45ad" />
    <UnitTestResult executionId="3ed657fe-e3ac-4a3a-9ae1-03fb192ad243" testId="c2d13a07-8b81-6ba0-a061-8fde3fb680eb" testName="Nalix.Network.Tests.SocketConnectionFragmentationTests.BeginReceive_NonFragmentedFrame_DoesNotCreateFragmentAssembler" computerName="PHCNGUYEN" duration="00:00:00.0034354" startTime="2026-04-12T16:22:16.6760622+07:00" endTime="2026-04-12T16:22:16.6788294+07:00" testType="13cdc9d9-ddb5-4fa4-a97d-d965ccfc6d4b" outcome="Passed" testListId="8c84fa94-04c1-424b-9868-57a2d4851a1d" relativeResultsDirectory="3ed657fe-e3ac-4a3a-9ae1-03fb192ad243" />
    <UnitTestResult executionId="c89e1ae2-c540-4fcf-92eb-4f607f230708" testId="8cbc8efd-1051-eaf4-cabc-50a915bb1d2e" testName="Nalix.Network.Tests.NetworkSmokeTests.GetReportData_AfterEvaluation_ContainsTrackedEndpointSummary" computerName="PHCNGUYEN" duration="00:00:00.3168926" startTime="2026-04-12T16:22:15.5660703+07:00" endTime="2026-04-12T16:22:15.8884985+07:00" testType="13cdc9d9-ddb5-4fa4-a97d-d965ccfc6d4b" outcome="Passed" testListId="8c84fa94-04c1-424b-9868-57a2d4851a1d" relativeResultsDirectory="c89e1ae2-c540-4fcf-92eb-4f607f230708" />
    <UnitTestResult executionId="1503a437-9dab-44dc-b7a1-6b635f9dd7e6" testId="8bf51bb1-2d66-ecd5-2794-7d2f31ed7cbf" testName="Nalix.Network.Tests.UdpListenerTests.ProcessDatagram_UnknownSessionToken_IncrementsDropUnknown" computerName="PHCNGUYEN" duration="00:00:00.9775143" startTime="2026-04-12T16:22:15.5660457+07:00" endTime="2026-04-12T16:22:16.5487037+07:00" testType="13cdc9d9-ddb5-4fa4-a97d-d965ccfc6d4b" outcome="Passed" testListId="8c84fa94-04c1-424b-9868-57a2d4851a1d" relativeResultsDirectory="1503a437-9dab-44dc-b7a1-6b635f9dd7e6" />
    <UnitTestResult executionId="f37a1a0f-9af7-44df-b7e7-b46921dbacf5" testId="39933f5d-1dce-d469-4dd9-a4bdf21d37cc" testName="Nalix.Network.Tests.PolicyRateLimiterTests.Evaluate_UsesSeparateBucketsPerOpcode" computerName="PHCNGUYEN" duration="00:00:01.0652207" startTime="2026-04-12T16:22:15.5660807+07:00" endTime="2026-04-12T16:22:16.6365812+07:00" testType="13cdc9d9-ddb5-4fa4-a97d-d965ccfc6d4b" outcome="Passed" testListId="8c84fa94-04c1-424b-9868-57a2d4851a1d" relativeResultsDirectory="f37a1a0f-9af7-44df-b7e7-b46921dbacf5" />
    <UnitTestResult executionId="5861ab4e-7d4c-4689-897e-97dcc4bce33c" testId="1c7b1508-2a53-a480-df48-a56dd44700fc" testName="Nalix.Network.Tests.NetworkSmokeTests.Validate_TokenBucketOptions_NonPowerOfTwoShardCount_ThrowsValidationException" computerName="PHCNGUYEN" duration="00:00:00.0013247" startTime="2026-04-12T16:22:15.8930809+07:00" endTime="2026-04-12T16:22:15.8940965+07:00" testType="13cdc9d9-ddb5-4fa4-a97d-d965ccfc6d4b" outcome="Passed" testListId="8c84fa94-04c1-424b-9868-57a2d4851a1d" relativeResultsDirectory="5861ab4e-7d4c-4689-897e-97dcc4bce33c" />
    <UnitTestResult executionId="4e35e3c5-7755-4d6e-80da-de23f125347a" testId="17fd0c88-f8fe-ecfc-b762-862ebf29208f" testName="Nalix.Network.Tests.NetworkSmokeTests.Evaluate_DisposedLimiter_ReturnsHardLockoutDecision" computerName="PHCNGUYEN" duration="00:00:00.0032240" startTime="2026-04-12T16:22:15.9260322+07:00" endTime="2026-04-12T16:22:15.9261054+07:00" testType="13cdc9d9-ddb5-4fa4-a97d-d965ccfc6d4b" outcome="Passed" testListId="8c84fa94-04c1-424b-9868-57a2d4851a1d" relativeResultsDirectory="4e35e3c5-7755-4d6e-80da-de23f125347a" />
  </Results>
  <TestDefinitions>
    <UnitTest name="Nalix.Network.Tests.ConnectionHubSessionTests.UpdateSession_ManuallySyncsState" storage="e:\cs\nalix\tests\nalix.network.test\bin\release\net10.0\nalix.network.tests.dll" id="d1ede3b7-e533-555a-f2ca-e96bfa2a6684">
      <Execution id="27ff6c85-9a1c-401f-9840-19ae899a4b28" />
      <TestMethod codeBase="E:\Cs\Nalix\tests\Nalix.Network.Test\bin\Release\net10.0\Nalix.Network.Tests.dll" adapterTypeName="executor://xunit/VsTestRunner3/netcore/" className="Nalix.Network.Tests.ConnectionHubSessionTests" name="UpdateSession_ManuallySyncsState" />
    </UnitTest>
    <UnitTest name="Nalix.Network.Tests.AsyncCallbackDispatchTests.InjectIncoming_QueuesProcessCallbackOnce_AndDoesNotUnderflowPendingPackets" storage="e:\cs\nalix\tests\nalix.network.test\bin\release\net10.0\nalix.network.tests.dll" id="5a192b73-e044-443a-70be-e90b95d80466">
      <Execution id="58350d5e-fe18-4241-aae1-14e8ff46df34" />
      <TestMethod codeBase="E:\Cs\Nalix\tests\Nalix.Network.Test\bin\Release\net10.0\Nalix.Network.Tests.dll" adapterTypeName="executor://xunit/VsTestRunner3/netcore/" className="Nalix.Network.Tests.AsyncCallbackDispatchTests" name="InjectIncoming_QueuesProcessCallbackOnce_AndDoesNotUnderflowPendingPackets" />
    </UnitTest>
    <UnitTest name="Nalix.Network.Tests.ConnectionHubTests.UnregisterConnection_DecrementsCount_AndRaisesEvent" storage="e:\cs\nalix\tests\nalix.network.test\bin\release\net10.0\nalix.network.tests.dll" id="29045f5e-304d-ed20-e518-dfcc7bd598c3">
      <Execution id="2a8d6727-5d82-4182-acb2-08c104263a25" />
      <TestMethod codeBase="E:\Cs\Nalix\tests\Nalix.Network.Test\bin\Release\net10.0\Nalix.Network.Tests.dll" adapterTypeName="executor://xunit/VsTestRunner3/netcore/" className="Nalix.Network.Tests.ConnectionHubTests" name="UnregisterConnection_DecrementsCount_AndRaisesEvent" />
    </UnitTest>
    <UnitTest name="Nalix.Network.Tests.NetworkSmokeTests.GetReportData_AfterEvaluation_ContainsTrackedEndpointSummary" storage="e:\cs\nalix\tests\nalix.network.test\bin\release\net10.0\nalix.network.tests.dll" id="8cbc8efd-1051-eaf4-cabc-50a915bb1d2e">
      <Execution id="c89e1ae2-c540-4fcf-92eb-4f607f230708" />
      <TestMethod codeBase="E:\Cs\Nalix\tests\Nalix.Network.Test\bin\Release\net10.0\Nalix.Network.Tests.dll" adapterTypeName="executor://xunit/VsTestRunner3/netcore/" className="Nalix.Network.Tests.NetworkSmokeTests" name="GetReportData_AfterEvaluation_ContainsTrackedEndpointSummary" />
    </UnitTest>
    <UnitTest name="Nalix.Network.Tests.UdpListenerTests.ProcessDatagram_ShortPacket_IncrementsDropShort" storage="e:\cs\nalix\tests\nalix.network.test\bin\release\net10.0\nalix.network.tests.dll" id="6befbf29-f2c5-4e94-a816-b0d622f112b4">
      <Execution id="f2bb4c2a-e3b6-417c-9346-e61e5f4a45ad" />
      <TestMethod codeBase="E:\Cs\Nalix\tests\Nalix.Network.Test\bin\Release\net10.0\Nalix.Network.Tests.dll" adapterTypeName="executor://xunit/VsTestRunner3/netcore/" className="Nalix.Network.Tests.UdpListenerTests" name="ProcessDatagram_ShortPacket_IncrementsDropShort" />
    </UnitTest>
    <UnitTest name="Nalix.Network.Tests.ConnectionHubTests.RegisterConnection_IncrementsCount_AndAllowsLookup" storage="e:\cs\nalix\tests\nalix.network.test\bin\release\net10.0\nalix.network.tests.dll" id="ef658690-d6a4-64c6-e615-3aecabbfb7dd">
      <Execution id="531da276-2e2d-4367-9237-5f44a102a7ca" />
      <TestMethod codeBase="E:\Cs\Nalix\tests\Nalix.Network.Test\bin\Release\net10.0\Nalix.Network.Tests.dll" adapterTypeName="executor://xunit/VsTestRunner3/netcore/" className="Nalix.Network.Tests.ConnectionHubTests" name="RegisterConnection_IncrementsCount_AndAllowsLookup" />
    </UnitTest>
    <UnitTest name="Nalix.Network.Tests.UdpListenerTests.ProcessDatagram_UnknownSessionToken_IncrementsDropUnknown" storage="e:\cs\nalix\tests\nalix.network.test\bin\release\net10.0\nalix.network.tests.dll" id="8bf51bb1-2d66-ecd5-2794-7d2f31ed7cbf">
      <Execution id="1503a437-9dab-44dc-b7a1-6b635f9dd7e6" />
      <TestMethod codeBase="E:\Cs\Nalix\tests\Nalix.Network.Test\bin\Release\net10.0\Nalix.Network.Tests.dll" adapterTypeName="executor://xunit/VsTestRunner3/netcore/" className="Nalix.Network.Tests.UdpListenerTests" name="ProcessDatagram_UnknownSessionToken_IncrementsDropUnknown" />
    </UnitTest>
    <UnitTest name="Nalix.Network.Tests.NetworkSmokeTests.Evaluate_ConcurrentCalls_OnSameEndpoint_DoNotThrow" storage="e:\cs\nalix\tests\nalix.network.test\bin\release\net10.0\nalix.network.tests.dll" id="5454192c-e470-53ce-d223-7ad1e0cf5f69">
      <Execution id="a18e7abb-8a3f-458f-b6e9-71d26614917a" />
      <TestMethod codeBase="E:\Cs\Nalix\tests\Nalix.Network.Test\bin\Release\net10.0\Nalix.Network.Tests.dll" adapterTypeName="executor://xunit/VsTestRunner3/netcore/" className="Nalix.Network.Tests.NetworkSmokeTests" name="Evaluate_ConcurrentCalls_OnSameEndpoint_DoNotThrow" />
    </UnitTest>
    <UnitTest name="Nalix.Network.Tests.ConnectionHubSessionTests.TryResumeSession_RestoresState_AndFailsIfOldConnectionActive" storage="e:\cs\nalix\tests\nalix.network.test\bin\release\net10.0\nalix.network.tests.dll" id="ae5cff37-9bd8-c194-7927-c7b58a3bd1c3">
      <Execution id="1632e358-8fab-4395-b5f2-6b13c85881f1" />
      <TestMethod codeBase="E:\Cs\Nalix\tests\Nalix.Network.Test\bin\Release\net10.0\Nalix.Network.Tests.dll" adapterTypeName="executor://xunit/VsTestRunner3/netcore/" className="Nalix.Network.Tests.ConnectionHubSessionTests" name="TryResumeSession_RestoresState_AndFailsIfOldConnectionActive" />
    </UnitTest>
    <UnitTest name="Nalix.Network.Tests.PooledSocketReceiveContextTests.ReceiveAsync_AsyncCompletion_ReusesManualResetValueTaskSourceAcrossOperations" storage="e:\cs\nalix\tests\nalix.network.test\bin\release\net10.0\nalix.network.tests.dll" id="5ae2ceea-cab5-ee9d-cbcb-e44173d396d1">
      <Execution id="535bb477-f6d2-46e5-a962-de745f20eb5d" />
      <TestMethod codeBase="E:\Cs\Nalix\tests\Nalix.Network.Test\bin\Release\net10.0\Nalix.Network.Tests.dll" adapterTypeName="executor://xunit/VsTestRunner3/netcore/" className="Nalix.Network.Tests.PooledSocketReceiveContextTests" name="ReceiveAsync_AsyncCompletion_ReusesManualResetValueTaskSourceAcrossOperations" />
    </UnitTest>
    <UnitTest name="Nalix.Network.Tests.PacketContextBridgeDispatchTests.ExecuteResolvedHandlerAsync_BridgesTypedConcreteContext_WhenDispatcherUsesIPacket" storage="e:\cs\nalix\tests\nalix.network.test\bin\release\net10.0\nalix.network.tests.dll" id="a66d1ea0-99ff-bb4c-8ae5-0563bf065476">
      <Execution id="f7647acc-8c5e-40f0-a56f-25b7394c512c" />
      <TestMethod codeBase="E:\Cs\Nalix\tests\Nalix.Network.Test\bin\Release\net10.0\Nalix.Network.Tests.dll" adapterTypeName="executor://xunit/VsTestRunner3/netcore/" className="Nalix.Network.Tests.PacketContextBridgeDispatchTests" name="ExecuteResolvedHandlerAsync_BridgesTypedConcreteContext_WhenDispatcherUsesIPacket" />
    </UnitTest>
    <UnitTest name="Nalix.Network.Tests.UdpListenerTests.ProcessDatagram_InvalidTransport_IncrementsDropShort" storage="e:\cs\nalix\tests\nalix.network.test\bin\release\net10.0\nalix.network.tests.dll" id="52d5a6ea-ace0-1281-e683-d9b05cf0a6e6">
      <Execution id="ed4fb482-086d-496b-ac1e-ec457111d2ea" />
      <TestMethod codeBase="E:\Cs\Nalix\tests\Nalix.Network.Test\bin\Release\net10.0\Nalix.Network.Tests.dll" adapterTypeName="executor://xunit/VsTestRunner3/netcore/" className="Nalix.Network.Tests.UdpListenerTests" name="ProcessDatagram_InvalidTransport_IncrementsDropShort" />
    </UnitTest>
    <UnitTest name="Nalix.Network.Tests.ConnectionHubSessionTests.TryResumeSession_PersistsState_AfterModifications" storage="e:\cs\nalix\tests\nalix.network.test\bin\release\net10.0\nalix.network.tests.dll" id="72b6907e-119b-7a93-48b8-33be0363a8fd">
      <Execution id="767af30a-383b-4f65-ba9c-28fcf87897eb" />
      <TestMethod codeBase="E:\Cs\Nalix\tests\Nalix.Network.Test\bin\Release\net10.0\Nalix.Network.Tests.dll" adapterTypeName="executor://xunit/VsTestRunner3/netcore/" className="Nalix.Network.Tests.ConnectionHubSessionTests" name="TryResumeSession_PersistsState_AfterModifications" />
    </UnitTest>
    <UnitTest name="Nalix.Network.Tests.PacketContextBridgeDispatchTests.ExecuteResolvedHandlerAsync_BridgesTypedInterfaceContext_WhenDispatcherUsesIPacket" storage="e:\cs\nalix\tests\nalix.network.test\bin\release\net10.0\nalix.network.tests.dll" id="01884d30-0dbd-bf1e-c108-f78cb20a7fba">
      <Execution id="e561ab3f-8bda-4a8d-ac67-c8045a1bc4fd" />
      <TestMethod codeBase="E:\Cs\Nalix\tests\Nalix.Network.Test\bin\Release\net10.0\Nalix.Network.Tests.dll" adapterTypeName="executor://xunit/VsTestRunner3/netcore/" className="Nalix.Network.Tests.PacketContextBridgeDispatchTests" name="ExecuteResolvedHandlerAsync_BridgesTypedInterfaceContext_WhenDispatcherUsesIPacket" />
    </UnitTest>
    <UnitTest name="Nalix.Network.Tests.NetworkSmokeTests.Validate_TokenBucketOptions_NonPowerOfTwoShardCount_ThrowsValidationException" storage="e:\cs\nalix\tests\nalix.network.test\bin\release\net10.0\nalix.network.tests.dll" id="1c7b1508-2a53-a480-df48-a56dd44700fc">
      <Execution id="5861ab4e-7d4c-4689-897e-97dcc4bce33c" />
      <TestMethod codeBase="E:\Cs\Nalix\tests\Nalix.Network.Test\bin\Release\net10.0\Nalix.Network.Tests.dll" adapterTypeName="executor://xunit/VsTestRunner3/netcore/" className="Nalix.Network.Tests.NetworkSmokeTests" name="Validate_TokenBucketOptions_NonPowerOfTwoShardCount_ThrowsValidationException" />
    </UnitTest>
    <UnitTest name="Nalix.Network.Tests.UdpListenerTests.ConnectionUnregistered_PrunesEndpointCache" storage="e:\cs\nalix\tests\nalix.network.test\bin\release\net10.0\nalix.network.tests.dll" id="8742b74a-307e-f5c5-5f14-f6981bd8f9b9">
      <Execution id="44ea1f6e-0a92-41b7-9fe4-8a908ff8e43d" />
      <TestMethod codeBase="E:\Cs\Nalix\tests\Nalix.Network.Test\bin\Release\net10.0\Nalix.Network.Tests.dll" adapterTypeName="executor://xunit/VsTestRunner3/netcore/" className="Nalix.Network.Tests.UdpListenerTests" name="ConnectionUnregistered_PrunesEndpointCache" />
    </UnitTest>
    <UnitTest name="Nalix.Network.Tests.PolicyRateLimiterTests.Evaluate_StalePolicyEntry_IsEvictedBySweep" storage="e:\cs\nalix\tests\nalix.network.test\bin\release\net10.0\nalix.network.tests.dll" id="c8e8f263-85af-959d-9848-1f97c42db434">
      <Execution id="e44ebb3c-c602-4203-baa9-b156e83ab2c6" />
      <TestMethod codeBase="E:\Cs\Nalix\tests\Nalix.Network.Test\bin\Release\net10.0\Nalix.Network.Tests.dll" adapterTypeName="executor://xunit/VsTestRunner3/netcore/" className="Nalix.Network.Tests.PolicyRateLimiterTests" name="Evaluate_StalePolicyEntry_IsEvictedBySweep" />
    </UnitTest>
    <UnitTest name="Nalix.Network.Tests.SocketConnectionFragmentationTests.BeginReceive_FragmentedFrame_CreatesFragmentAssemblerOnDemand" storage="e:\cs\nalix\tests\nalix.network.test\bin\release\net10.0\nalix.network.tests.dll" id="ad4f3f54-18a9-06d1-a11b-332338edc0b8">
      <Execution id="666f1c01-6a3d-424f-a066-da5ddd7a845c" />
      <TestMethod codeBase="E:\Cs\Nalix\tests\Nalix.Network.Test\bin\Release\net10.0\Nalix.Network.Tests.dll" adapterTypeName="executor://xunit/VsTestRunner3/netcore/" className="Nalix.Network.Tests.SocketConnectionFragmentationTests" name="BeginReceive_FragmentedFrame_CreatesFragmentAssemblerOnDemand" />
    </UnitTest>
    <UnitTest name="Nalix.Network.Tests.ConnectionHubSessionTests.CreateSession_CapturesConnectionState" storage="e:\cs\nalix\tests\nalix.network.test\bin\release\net10.0\nalix.network.tests.dll" id="0037f558-8826-1675-fd16-3383b0e7ede3">
      <Execution id="52e33e9c-a86f-471c-9a8a-676ceb863a20" />
      <TestMethod codeBase="E:\Cs\Nalix\tests\Nalix.Network.Test\bin\Release\net10.0\Nalix.Network.Tests.dll" adapterTypeName="executor://xunit/VsTestRunner3/netcore/" className="Nalix.Network.Tests.ConnectionHubSessionTests" name="CreateSession_CapturesConnectionState" />
    </UnitTest>
    <UnitTest name="Nalix.Network.Tests.NetworkSmokeTests.Validate_ConnectionLimitOptions_DefaultsAreValid" storage="e:\cs\nalix\tests\nalix.network.test\bin\release\net10.0\nalix.network.tests.dll" id="3f93e501-47a2-a0b4-1cdd-86afe6808b34">
      <Execution id="e333511b-16ef-4535-b33a-3c76393183b9" />
      <TestMethod codeBase="E:\Cs\Nalix\tests\Nalix.Network.Test\bin\Release\net10.0\Nalix.Network.Tests.dll" adapterTypeName="executor://xunit/VsTestRunner3/netcore/" className="Nalix.Network.Tests.NetworkSmokeTests" name="Validate_ConnectionLimitOptions_DefaultsAreValid" />
    </UnitTest>
    <UnitTest name="Nalix.Network.Tests.PolicyRateLimiterTests.Evaluate_UsesSeparateBucketsPerOpcode" storage="e:\cs\nalix\tests\nalix.network.test\bin\release\net10.0\nalix.network.tests.dll" id="39933f5d-1dce-d469-4dd9-a4bdf21d37cc">
      <Execution id="f37a1a0f-9af7-44df-b7e7-b46921dbacf5" />
      <TestMethod codeBase="E:\Cs\Nalix\tests\Nalix.Network.Test\bin\Release\net10.0\Nalix.Network.Tests.dll" adapterTypeName="executor://xunit/VsTestRunner3/netcore/" className="Nalix.Network.Tests.PolicyRateLimiterTests" name="Evaluate_UsesSeparateBucketsPerOpcode" />
    </UnitTest>
    <UnitTest name="Nalix.Network.Tests.NetworkSmokeTests.NetworkEndpointInterfaceProperties_RemainAccessibleThroughInterface" storage="e:\cs\nalix\tests\nalix.network.test\bin\release\net10.0\nalix.network.tests.dll" id="49f6a5bd-9158-40e5-c05f-b7a4396451b0">
      <Execution id="6f701967-2194-4c02-be25-d9b5e308d57c" />
      <TestMethod codeBase="E:\Cs\Nalix\tests\Nalix.Network.Test\bin\Release\net10.0\Nalix.Network.Tests.dll" adapterTypeName="executor://xunit/VsTestRunner3/netcore/" className="Nalix.Network.Tests.NetworkSmokeTests" name="NetworkEndpointInterfaceProperties_RemainAccessibleThroughInterface" />
    </UnitTest>
    <UnitTest name="Nalix.Network.Tests.NetworkSmokeTests.Evaluate_DisposedLimiter_ReturnsHardLockoutDecision" storage="e:\cs\nalix\tests\nalix.network.test\bin\release\net10.0\nalix.network.tests.dll" id="17fd0c88-f8fe-ecfc-b762-862ebf29208f">
      <Execution id="4e35e3c5-7755-4d6e-80da-de23f125347a" />
      <TestMethod codeBase="E:\Cs\Nalix\tests\Nalix.Network.Test\bin\Release\net10.0\Nalix.Network.Tests.dll" adapterTypeName="executor://xunit/VsTestRunner3/netcore/" className="Nalix.Network.Tests.NetworkSmokeTests" name="Evaluate_DisposedLimiter_ReturnsHardLockoutDecision" />
    </UnitTest>
    <UnitTest name="Nalix.Network.Tests.AsyncCallbackDispatchTests.Send_PostProcessCallback_DoesNotConsumeReceivePendingSlot" storage="e:\cs\nalix\tests\nalix.network.test\bin\release\net10.0\nalix.network.tests.dll" id="0014c6b0-5a02-5c7f-8430-a5e0a7800565">
      <Execution id="9718dce2-ec77-4fb8-bdec-40429ac66f2a" />
      <TestMethod codeBase="E:\Cs\Nalix\tests\Nalix.Network.Test\bin\Release\net10.0\Nalix.Network.Tests.dll" adapterTypeName="executor://xunit/VsTestRunner3/netcore/" className="Nalix.Network.Tests.AsyncCallbackDispatchTests" name="Send_PostProcessCallback_DoesNotConsumeReceivePendingSlot" />
    </UnitTest>
    <UnitTest name="Nalix.Network.Tests.SocketConnectionFragmentationTests.BeginReceive_NonFragmentedFrame_DoesNotCreateFragmentAssembler" storage="e:\cs\nalix\tests\nalix.network.test\bin\release\net10.0\nalix.network.tests.dll" id="c2d13a07-8b81-6ba0-a061-8fde3fb680eb">
      <Execution id="3ed657fe-e3ac-4a3a-9ae1-03fb192ad243" />
      <TestMethod codeBase="E:\Cs\Nalix\tests\Nalix.Network.Test\bin\Release\net10.0\Nalix.Network.Tests.dll" adapterTypeName="executor://xunit/VsTestRunner3/netcore/" className="Nalix.Network.Tests.SocketConnectionFragmentationTests" name="BeginReceive_NonFragmentedFrame_DoesNotCreateFragmentAssembler" />
    </UnitTest>
  </TestDefinitions>
  <TestEntries>
    <TestEntry testId="29045f5e-304d-ed20-e518-dfcc7bd598c3" executionId="2a8d6727-5d82-4182-acb2-08c104263a25" testListId="8c84fa94-04c1-424b-9868-57a2d4851a1d" />
    <TestEntry testId="ae5cff37-9bd8-c194-7927-c7b58a3bd1c3" executionId="1632e358-8fab-4395-b5f2-6b13c85881f1" testListId="8c84fa94-04c1-424b-9868-57a2d4851a1d" />
    <TestEntry testId="72b6907e-119b-7a93-48b8-33be0363a8fd" executionId="767af30a-383b-4f65-ba9c-28fcf87897eb" testListId="8c84fa94-04c1-424b-9868-57a2d4851a1d" />
    <TestEntry testId="0014c6b0-5a02-5c7f-8430-a5e0a7800565" executionId="9718dce2-ec77-4fb8-bdec-40429ac66f2a" testListId="8c84fa94-04c1-424b-9868-57a2d4851a1d" />
    <TestEntry testId="ef658690-d6a4-64c6-e615-3aecabbfb7dd" executionId="531da276-2e2d-4367-9237-5f44a102a7ca" testListId="8c84fa94-04c1-424b-9868-57a2d4851a1d" />
    <TestEntry testId="49f6a5bd-9158-40e5-c05f-b7a4396451b0" executionId="6f701967-2194-4c02-be25-d9b5e308d57c" testListId="8c84fa94-04c1-424b-9868-57a2d4851a1d" />
    <TestEntry testId="d1ede3b7-e533-555a-f2ca-e96bfa2a6684" executionId="27ff6c85-9a1c-401f-9840-19ae899a4b28" testListId="8c84fa94-04c1-424b-9868-57a2d4851a1d" />
    <TestEntry testId="01884d30-0dbd-bf1e-c108-f78cb20a7fba" executionId="e561ab3f-8bda-4a8d-ac67-c8045a1bc4fd" testListId="8c84fa94-04c1-424b-9868-57a2d4851a1d" />
    <TestEntry testId="3f93e501-47a2-a0b4-1cdd-86afe6808b34" executionId="e333511b-16ef-4535-b33a-3c76393183b9" testListId="8c84fa94-04c1-424b-9868-57a2d4851a1d" />
    <TestEntry testId="c8e8f263-85af-959d-9848-1f97c42db434" executionId="e44ebb3c-c602-4203-baa9-b156e83ab2c6" testListId="8c84fa94-04c1-424b-9868-57a2d4851a1d" />
    <TestEntry testId="52d5a6ea-ace0-1281-e683-d9b05cf0a6e6" executionId="ed4fb482-086d-496b-ac1e-ec457111d2ea" testListId="8c84fa94-04c1-424b-9868-57a2d4851a1d" />
    <TestEntry testId="a66d1ea0-99ff-bb4c-8ae5-0563bf065476" executionId="f7647acc-8c5e-40f0-a56f-25b7394c512c" testListId="8c84fa94-04c1-424b-9868-57a2d4851a1d" />
    <TestEntry testId="5a192b73-e044-443a-70be-e90b95d80466" executionId="58350d5e-fe18-4241-aae1-14e8ff46df34" testListId="8c84fa94-04c1-424b-9868-57a2d4851a1d" />
    <TestEntry testId="8742b74a-307e-f5c5-5f14-f6981bd8f9b9" executionId="44ea1f6e-0a92-41b7-9fe4-8a908ff8e43d" testListId="8c84fa94-04c1-424b-9868-57a2d4851a1d" />
    <TestEntry testId="ad4f3f54-18a9-06d1-a11b-332338edc0b8" executionId="666f1c01-6a3d-424f-a066-da5ddd7a845c" testListId="8c84fa94-04c1-424b-9868-57a2d4851a1d" />
    <TestEntry testId="5ae2ceea-cab5-ee9d-cbcb-e44173d396d1" executionId="535bb477-f6d2-46e5-a962-de745f20eb5d" testListId="8c84fa94-04c1-424b-9868-57a2d4851a1d" />
    <TestEntry testId="5454192c-e470-53ce-d223-7ad1e0cf5f69" executionId="a18e7abb-8a3f-458f-b6e9-71d26614917a" testListId="8c84fa94-04c1-424b-9868-57a2d4851a1d" />
    <TestEntry testId="0037f558-8826-1675-fd16-3383b0e7ede3" executionId="52e33e9c-a86f-471c-9a8a-676ceb863a20" testListId="8c84fa94-04c1-424b-9868-57a2d4851a1d" />
    <TestEntry testId="6befbf29-f2c5-4e94-a816-b0d622f112b4" executionId="f2bb4c2a-e3b6-417c-9346-e61e5f4a45ad" testListId="8c84fa94-04c1-424b-9868-57a2d4851a1d" />
    <TestEntry testId="c2d13a07-8b81-6ba0-a061-8fde3fb680eb" executionId="3ed657fe-e3ac-4a3a-9ae1-03fb192ad243" testListId="8c84fa94-04c1-424b-9868-57a2d4851a1d" />
    <TestEntry testId="8cbc8efd-1051-eaf4-cabc-50a915bb1d2e" executionId="c89e1ae2-c540-4fcf-92eb-4f607f230708" testListId="8c84fa94-04c1-424b-9868-57a2d4851a1d" />
    <TestEntry testId="8bf51bb1-2d66-ecd5-2794-7d2f31ed7cbf" executionId="1503a437-9dab-44dc-b7a1-6b635f9dd7e6" testListId="8c84fa94-04c1-424b-9868-57a2d4851a1d" />
    <TestEntry testId="39933f5d-1dce-d469-4dd9-a4bdf21d37cc" executionId="f37a1a0f-9af7-44df-b7e7-b46921dbacf5" testListId="8c84fa94-04c1-424b-9868-57a2d4851a1d" />
    <TestEntry testId="1c7b1508-2a53-a480-df48-a56dd44700fc" executionId="5861ab4e-7d4c-4689-897e-97dcc4bce33c" testListId="8c84fa94-04c1-424b-9868-57a2d4851a1d" />
    <TestEntry testId="17fd0c88-f8fe-ecfc-b762-862ebf29208f" executionId="4e35e3c5-7755-4d6e-80da-de23f125347a" testListId="8c84fa94-04c1-424b-9868-57a2d4851a1d" />
  </TestEntries>
  <TestLists>
    <TestList name="Results Not in a List" id="8c84fa94-04c1-424b-9868-57a2d4851a1d" />
    <TestList name="All Loaded Results" id="19431567-8539-422a-85d7-44ee4e166bda" />
  </TestLists>
  <ResultSummary outcome="Completed">
    <Counters total="25" executed="25" passed="25" failed="0" error="0" timeout="0" aborted="0" inconclusive="0" passedButRunAborted="0" notRunnable="0" notExecuted="0" disconnected="0" warning="0" completed="0" inProgress="0" pending="0" />
    <Output>
      <StdOut>[xUnit.net 00:00:00.00] xUnit.net VSTest Adapter v3.1.5+1b188a7b0a (64-bit .NET 10.0.5)&#xD;
[xUnit.net 00:00:00.06]   Discovering: Nalix.Network.Tests&#xD;
[xUnit.net 00:00:00.10]   Discovered:  Nalix.Network.Tests&#xD;
[xUnit.net 00:00:00.12]   Starting:    Nalix.Network.Tests&#xD;
     Warning:&#xD;
     The component "Fluent Assertions" is governed by the rules defined in the Xceed License Agreement and&#xD;
     the Xceed Fluent Assertions Community License. You may use Fluent Assertions free of charge for&#xD;
     non-commercial use only. An active subscription is required to use Fluent Assertions for commercial use.&#xD;
     Please contact Xceed Sales mailto:sales@xceed.com to acquire a subscription at a very low cost.&#xD;
     A paid commercial license supports the development and continued increasing support of&#xD;
     Fluent Assertions users under both commercial and community licenses. Help us&#xD;
     keep Fluent Assertions at the forefront of unit testing.&#xD;
     For more information, visit https://xceed.com/products/unit-testing/fluent-assertions/&#xD;
[xUnit.net 00:00:01.27]   Finished:    Nalix.Network.Tests&#xD;
</StdOut>
    </Output>
  </ResultSummary>
</TestRun>