<?xml version="1.0" encoding="utf-8"?>
<TestRun id="f114db7d-ceae-4eab-88d3-e523cb324629" name="pngz@PHCNGUYEN 2026-04-12 16:22:10" runUser="PHCNGUYEN\pngz" xmlns="http://microsoft.com/schemas/VisualStudio/TeamTest/2010">
  <Times creation="2026-04-12T16:22:10.1925774+07:00" queuing="2026-04-12T16:22:10.1925776+07:00" start="2026-04-12T16:22:09.4773560+07:00" finish="2026-04-12T16:22:10.1956370+07:00" />
  <TestSettings name="default" id="0ebba58c-b732-4def-b658-f784d94af5b5">
    <Deployment runDeploymentRoot="pngz_PHCNGUYEN_2026-04-12_16_22_10" />
  </TestSettings>
  <Results>
    <UnitTestResult executionId="186afda1-f085-4a28-bdd0-3fd9eca9a3d8" testId="c8e8f263-85af-959d-9848-1f97c42db434" testName="Nalix.Network.Tests.PolicyRateLimiterTests.Evaluate_StalePolicyEntry_IsEvictedBySweep" computerName="PHCNGUYEN" duration="00:00:00.0047950" startTime="2026-04-12T16:22:10.1212724+07:00" endTime="2026-04-12T16:22:10.1213197+07:00" testType="13cdc9d9-ddb5-4fa4-a97d-d965ccfc6d4b" outcome="Passed" testListId="8c84fa94-04c1-424b-9868-57a2d4851a1d" relativeResultsDirectory="186afda1-f085-4a28-bdd0-3fd9eca9a3d8" />
    <UnitTestResult executionId="543e146f-d8b4-46b7-863e-78cd5af2491a" testId="39933f5d-1dce-d469-4dd9-a4bdf21d37cc" testName="Nalix.Network.Tests.PolicyRateLimiterTests.Evaluate_UsesSeparateBucketsPerOpcode" computerName="PHCNGUYEN" duration="00:00:00.1984033" startTime="2026-04-12T16:22:09.9089900+07:00" endTime="2026-04-12T16:22:10.1136453+07:00" testType="13cdc9d9-ddb5-4fa4-a97d-d965ccfc6d4b" outcome="Passed" testListId="8c84fa94-04c1-424b-9868-57a2d4851a1d" relativeResultsDirectory="543e146f-d8b4-46b7-863e-78cd5af2491a" />
  </Results>
  <TestDefinitions>
    <UnitTest name="Nalix.Network.Tests.PolicyRateLimiterTests.Evaluate_StalePolicyEntry_IsEvictedBySweep" storage="e:\cs\nalix\tests\nalix.network.test\bin\release\net10.0\nalix.network.tests.dll" id="c8e8f263-85af-959d-9848-1f97c42db434">
      <Execution id="186afda1-f085-4a28-bdd0-3fd9eca9a3d8" />
      <TestMethod codeBase="E:\Cs\Nalix\tests\Nalix.Network.Test\bin\Release\net10.0\Nalix.Network.Tests.dll" adapterTypeName="executor://xunit/VsTestRunner3/netcore/" className="Nalix.Network.Tests.PolicyRateLimiterTests" name="Evaluate_StalePolicyEntry_IsEvictedBySweep" />
    </UnitTest>
    <UnitTest name="Nalix.Network.Tests.PolicyRateLimiterTests.Evaluate_UsesSeparateBucketsPerOpcode" storage="e:\cs\nalix\tests\nalix.network.test\bin\release\net10.0\nalix.network.tests.dll" id="39933f5d-1dce-d469-4dd9-a4bdf21d37cc">
      <Execution id="543e146f-d8b4-46b7-863e-78cd5af2491a" />
      <TestMethod codeBase="E:\Cs\Nalix\tests\Nalix.Network.Test\bin\Release\net10.0\Nalix.Network.Tests.dll" adapterTypeName="executor://xunit/VsTestRunner3/netcore/" className="Nalix.Network.Tests.PolicyRateLimiterTests" name="Evaluate_UsesSeparateBucketsPerOpcode" />
    </UnitTest>
  </TestDefinitions>
  <TestEntries>
    <TestEntry testId="c8e8f263-85af-959d-9848-1f97c42db434" executionId="186afda1-f085-4a28-bdd0-3fd9eca9a3d8" testListId="8c84fa94-04c1-424b-9868-57a2d4851a1d" />
    <TestEntry testId="39933f5d-1dce-d469-4dd9-a4bdf21d37cc" executionId="543e146f-d8b4-46b7-863e-78cd5af2491a" testListId="8c84fa94-04c1-424b-9868-57a2d4851a1d" />
  </TestEntries>
  <TestLists>
    <TestList name="Results Not in a List" id="8c84fa94-04c1-424b-9868-57a2d4851a1d" />
    <TestList name="All Loaded Results" id="19431567-8539-422a-85d7-44ee4e166bda" />
  </TestLists>
  <ResultSummary outcome="Completed">
    <Counters total="2" executed="2" passed="2" failed="0" error="0" timeout="0" aborted="0" inconclusive="0" passedButRunAborted="0" notRunnable="0" notExecuted="0" disconnected="0" warning="0" completed="0" inProgress="0" pending="0" />
    <Output>
      <StdOut>[xUnit.net 00:00:00.00] xUnit.net VSTest Adapter v3.1.5+1b188a7b0a (64-bit .NET 10.0.5)&#xD;
[xUnit.net 00:00:00.06]   Discovering: Nalix.Network.Tests&#xD;
[xUnit.net 00:00:00.09]   Discovered:  Nalix.Network.Tests&#xD;
[xUnit.net 00:00:00.10]   Starting:    Nalix.Network.Tests&#xD;
     Warning:&#xD;
     The component "Fluent Assertions" is governed by the rules defined in the Xceed License Agreement and&#xD;
     the Xceed Fluent Assertions Community License. You may use Fluent Assertions free of charge for&#xD;
     non-commercial use only. An active subscription is required to use Fluent Assertions for commercial use.&#xD;
     Please contact Xceed Sales mailto:sales@xceed.com to acquire a subscription at a very low cost.&#xD;
     A paid commercial license supports the development and continued increasing support of&#xD;
     Fluent Assertions users under both commercial and community licenses. Help us&#xD;
     keep Fluent Assertions at the forefront of unit testing.&#xD;
     For more information, visit https://xceed.com/products/unit-testing/fluent-assertions/&#xD;
[xUnit.net 00:00:00.33]   Finished:    Nalix.Network.Tests&#xD;
</StdOut>
    </Output>
  </ResultSummary>
</TestRun>