<?xml version="1.0" encoding="utf-8"?>
<TestRun id="27923277-f4f9-4bd2-af0d-1b22be7417e6" name="pngz@PHCNGUYEN 2026-04-08 13:53:35" runUser="PHCNGUYEN\pngz" xmlns="http://microsoft.com/schemas/VisualStudio/TeamTest/2010">
  <Times creation="2026-04-08T13:53:35.0805456+07:00" queuing="2026-04-08T13:53:35.0805458+07:00" start="2026-04-08T13:53:34.4306982+07:00" finish="2026-04-08T13:53:35.0837664+07:00" />
  <TestSettings name="default" id="2c6b4c34-e879-4ad9-a94d-25379e0f107c">
    <Deployment runDeploymentRoot="pngz_PHCNGUYEN_2026-04-08_13_53_35" />
  </TestSettings>
  <Results>
    <UnitTestResult executionId="9ef4186b-5ce8-4295-b1a8-e23e6337caa0" testId="5a192b73-e044-443a-70be-e90b95d80466" testName="Nalix.Network.Tests.AsyncCallbackDispatchTests.InjectIncoming_QueuesProcessCallbackOnce_AndDoesNotUnderflowPendingPackets" computerName="PHCNGUYEN" duration="00:00:00.0642146" startTime="2026-04-08T13:53:34.9231573+07:00" endTime="2026-04-08T13:53:34.9908383+07:00" testType="13cdc9d9-ddb5-4fa4-a97d-d965ccfc6d4b" outcome="Passed" testListId="8c84fa94-04c1-424b-9868-57a2d4851a1d" relativeResultsDirectory="9ef4186b-5ce8-4295-b1a8-e23e6337caa0" />
    <UnitTestResult executionId="e4139b2a-a77a-4239-944c-45c9c161e6c5" testId="5ae2ceea-cab5-ee9d-cbcb-e44173d396d1" testName="Nalix.Network.Tests.PooledSocketReceiveContextTests.ReceiveAsync_AsyncCompletion_ReusesManualResetValueTaskSourceAcrossOperations" computerName="PHCNGUYEN" duration="00:00:00.0335489" startTime="2026-04-08T13:53:34.9231289+07:00" endTime="2026-04-08T13:53:34.9636079+07:00" testType="13cdc9d9-ddb5-4fa4-a97d-d965ccfc6d4b" outcome="Passed" testListId="8c84fa94-04c1-424b-9868-57a2d4851a1d" relativeResultsDirectory="e4139b2a-a77a-4239-944c-45c9c161e6c5" />
    <UnitTestResult executionId="305d3da1-ead4-4bb8-a327-d6deb0dd50e2" testId="1c7b1508-2a53-a480-df48-a56dd44700fc" testName="Nalix.Network.Tests.NetworkSmokeTests.Validate_TokenBucketOptions_NonPowerOfTwoShardCount_ThrowsValidationException" computerName="PHCNGUYEN" duration="00:00:00.0012820" startTime="2026-04-08T13:53:34.9907854+07:00" endTime="2026-04-08T13:53:34.9913665+07:00" testType="13cdc9d9-ddb5-4fa4-a97d-d965ccfc6d4b" outcome="Passed" testListId="8c84fa94-04c1-424b-9868-57a2d4851a1d" relativeResultsDirectory="305d3da1-ead4-4bb8-a327-d6deb0dd50e2" />
    <UnitTestResult executionId="0b8ad75b-ab5f-4175-904a-c625cee95b53" testId="17fd0c88-f8fe-ecfc-b762-862ebf29208f" testName="Nalix.Network.Tests.NetworkSmokeTests.Evaluate_DisposedLimiter_ReturnsHardLockoutDecision" computerName="PHCNGUYEN" duration="00:00:00.0024099" startTime="2026-04-08T13:53:34.9914642+07:00" endTime="2026-04-08T13:53:34.9938153+07:00" testType="13cdc9d9-ddb5-4fa4-a97d-d965ccfc6d4b" outcome="Passed" testListId="8c84fa94-04c1-424b-9868-57a2d4851a1d" relativeResultsDirectory="0b8ad75b-ab5f-4175-904a-c625cee95b53" />
    <UnitTestResult executionId="f42a225e-d61e-4155-9528-d122530a0b25" testId="0014c6b0-5a02-5c7f-8430-a5e0a7800565" testName="Nalix.Network.Tests.AsyncCallbackDispatchTests.Send_PostProcessCallback_DoesNotConsumeReceivePendingSlot" computerName="PHCNGUYEN" duration="00:00:00.0048215" startTime="2026-04-08T13:53:34.9909577+07:00" endTime="2026-04-08T13:53:34.9957517+07:00" testType="13cdc9d9-ddb5-4fa4-a97d-d965ccfc6d4b" outcome="Passed" testListId="8c84fa94-04c1-424b-9868-57a2d4851a1d" relativeResultsDirectory="f42a225e-d61e-4155-9528-d122530a0b25" />
    <UnitTestResult executionId="3aaf8bad-9744-463c-b0c9-770981edd33b" testId="3f93e501-47a2-a0b4-1cdd-86afe6808b34" testName="Nalix.Network.Tests.NetworkSmokeTests.Validate_ConnectionLimitOptions_DefaultsAreValid" computerName="PHCNGUYEN" duration="00:00:00.0032657" startTime="2026-04-08T13:53:34.9939455+07:00" endTime="2026-04-08T13:53:34.9971475+07:00" testType="13cdc9d9-ddb5-4fa4-a97d-d965ccfc6d4b" outcome="Passed" testListId="8c84fa94-04c1-424b-9868-57a2d4851a1d" relativeResultsDirectory="3aaf8bad-9744-463c-b0c9-770981edd33b" />
    <UnitTestResult executionId="5ae7a9ca-5335-4be5-802e-b65b5cc7fdef" testId="8cbc8efd-1051-eaf4-cabc-50a915bb1d2e" testName="Nalix.Network.Tests.NetworkSmokeTests.GetReportData_AfterEvaluation_ContainsTrackedEndpointSummary" computerName="PHCNGUYEN" duration="00:00:00.0635236" startTime="2026-04-08T13:53:34.9218205+07:00" endTime="2026-04-08T13:53:34.9899988+07:00" testType="13cdc9d9-ddb5-4fa4-a97d-d965ccfc6d4b" outcome="Passed" testListId="8c84fa94-04c1-424b-9868-57a2d4851a1d" relativeResultsDirectory="5ae7a9ca-5335-4be5-802e-b65b5cc7fdef" />
  </Results>
  <TestDefinitions>
    <UnitTest name="Nalix.Network.Tests.NetworkSmokeTests.Validate_ConnectionLimitOptions_DefaultsAreValid" storage="e:\cs\nalix\tests\nalix.network.test\bin\debug\net10.0\nalix.network.tests.dll" id="3f93e501-47a2-a0b4-1cdd-86afe6808b34">
      <Execution id="3aaf8bad-9744-463c-b0c9-770981edd33b" />
      <TestMethod codeBase="E:\Cs\Nalix\tests\Nalix.Network.Test\bin\Debug\net10.0\Nalix.Network.Tests.dll" adapterTypeName="executor://xunit/VsTestRunner3/netcore/" className="Nalix.Network.Tests.NetworkSmokeTests" name="Validate_ConnectionLimitOptions_DefaultsAreValid" />
    </UnitTest>
    <UnitTest name="Nalix.Network.Tests.NetworkSmokeTests.Validate_TokenBucketOptions_NonPowerOfTwoShardCount_ThrowsValidationException" storage="e:\cs\nalix\tests\nalix.network.test\bin\debug\net10.0\nalix.network.tests.dll" id="1c7b1508-2a53-a480-df48-a56dd44700fc">
      <Execution id="305d3da1-ead4-4bb8-a327-d6deb0dd50e2" />
      <TestMethod codeBase="E:\Cs\Nalix\tests\Nalix.Network.Test\bin\Debug\net10.0\Nalix.Network.Tests.dll" adapterTypeName="executor://xunit/VsTestRunner3/netcore/" className="Nalix.Network.Tests.NetworkSmokeTests" name="Validate_TokenBucketOptions_NonPowerOfTwoShardCount_ThrowsValidationException" />
    </UnitTest>
    <UnitTest name="Nalix.Network.Tests.AsyncCallbackDispatchTests.Send_PostProcessCallback_DoesNotConsumeReceivePendingSlot" storage="e:\cs\nalix\tests\nalix.network.test\bin\debug\net10.0\nalix.network.tests.dll" id="0014c6b0-5a02-5c7f-8430-a5e0a7800565">
      <Execution id="f42a225e-d61e-4155-9528-d122530a0b25" />
      <TestMethod codeBase="E:\Cs\Nalix\tests\Nalix.Network.Test\bin\Debug\net10.0\Nalix.Network.Tests.dll" adapterTypeName="executor://xunit/VsTestRunner3/netcore/" className="Nalix.Network.Tests.AsyncCallbackDispatchTests" name="Send_PostProcessCallback_DoesNotConsumeReceivePendingSlot" />
    </UnitTest>
    <UnitTest name="Nalix.Network.Tests.NetworkSmokeTests.GetReportData_AfterEvaluation_ContainsTrackedEndpointSummary" storage="e:\cs\nalix\tests\nalix.network.test\bin\debug\net10.0\nalix.network.tests.dll" id="8cbc8efd-1051-eaf4-cabc-50a915bb1d2e">
      <Execution id="5ae7a9ca-5335-4be5-802e-b65b5cc7fdef" />
      <TestMethod codeBase="E:\Cs\Nalix\tests\Nalix.Network.Test\bin\Debug\net10.0\Nalix.Network.Tests.dll" adapterTypeName="executor://xunit/VsTestRunner3/netcore/" className="Nalix.Network.Tests.NetworkSmokeTests" name="GetReportData_AfterEvaluation_ContainsTrackedEndpointSummary" />
    </UnitTest>
    <UnitTest name="Nalix.Network.Tests.AsyncCallbackDispatchTests.InjectIncoming_QueuesProcessCallbackOnce_AndDoesNotUnderflowPendingPackets" storage="e:\cs\nalix\tests\nalix.network.test\bin\debug\net10.0\nalix.network.tests.dll" id="5a192b73-e044-443a-70be-e90b95d80466">
      <Execution id="9ef4186b-5ce8-4295-b1a8-e23e6337caa0" />
      <TestMethod codeBase="E:\Cs\Nalix\tests\Nalix.Network.Test\bin\Debug\net10.0\Nalix.Network.Tests.dll" adapterTypeName="executor://xunit/VsTestRunner3/netcore/" className="Nalix.Network.Tests.AsyncCallbackDispatchTests" name="InjectIncoming_QueuesProcessCallbackOnce_AndDoesNotUnderflowPendingPackets" />
    </UnitTest>
    <UnitTest name="Nalix.Network.Tests.NetworkSmokeTests.Evaluate_DisposedLimiter_ReturnsHardLockoutDecision" storage="e:\cs\nalix\tests\nalix.network.test\bin\debug\net10.0\nalix.network.tests.dll" id="17fd0c88-f8fe-ecfc-b762-862ebf29208f">
      <Execution id="0b8ad75b-ab5f-4175-904a-c625cee95b53" />
      <TestMethod codeBase="E:\Cs\Nalix\tests\Nalix.Network.Test\bin\Debug\net10.0\Nalix.Network.Tests.dll" adapterTypeName="executor://xunit/VsTestRunner3/netcore/" className="Nalix.Network.Tests.NetworkSmokeTests" name="Evaluate_DisposedLimiter_ReturnsHardLockoutDecision" />
    </UnitTest>
    <UnitTest name="Nalix.Network.Tests.PooledSocketReceiveContextTests.ReceiveAsync_AsyncCompletion_ReusesManualResetValueTaskSourceAcrossOperations" storage="e:\cs\nalix\tests\nalix.network.test\bin\debug\net10.0\nalix.network.tests.dll" id="5ae2ceea-cab5-ee9d-cbcb-e44173d396d1">
      <Execution id="e4139b2a-a77a-4239-944c-45c9c161e6c5" />
      <TestMethod codeBase="E:\Cs\Nalix\tests\Nalix.Network.Test\bin\Debug\net10.0\Nalix.Network.Tests.dll" adapterTypeName="executor://xunit/VsTestRunner3/netcore/" className="Nalix.Network.Tests.PooledSocketReceiveContextTests" name="ReceiveAsync_AsyncCompletion_ReusesManualResetValueTaskSourceAcrossOperations" />
    </UnitTest>
  </TestDefinitions>
  <TestEntries>
    <TestEntry testId="5a192b73-e044-443a-70be-e90b95d80466" executionId="9ef4186b-5ce8-4295-b1a8-e23e6337caa0" testListId="8c84fa94-04c1-424b-9868-57a2d4851a1d" />
    <TestEntry testId="5ae2ceea-cab5-ee9d-cbcb-e44173d396d1" executionId="e4139b2a-a77a-4239-944c-45c9c161e6c5" testListId="8c84fa94-04c1-424b-9868-57a2d4851a1d" />
    <TestEntry testId="1c7b1508-2a53-a480-df48-a56dd44700fc" executionId="305d3da1-ead4-4bb8-a327-d6deb0dd50e2" testListId="8c84fa94-04c1-424b-9868-57a2d4851a1d" />
    <TestEntry testId="17fd0c88-f8fe-ecfc-b762-862ebf29208f" executionId="0b8ad75b-ab5f-4175-904a-c625cee95b53" testListId="8c84fa94-04c1-424b-9868-57a2d4851a1d" />
    <TestEntry testId="0014c6b0-5a02-5c7f-8430-a5e0a7800565" executionId="f42a225e-d61e-4155-9528-d122530a0b25" testListId="8c84fa94-04c1-424b-9868-57a2d4851a1d" />
    <TestEntry testId="3f93e501-47a2-a0b4-1cdd-86afe6808b34" executionId="3aaf8bad-9744-463c-b0c9-770981edd33b" testListId="8c84fa94-04c1-424b-9868-57a2d4851a1d" />
    <TestEntry testId="8cbc8efd-1051-eaf4-cabc-50a915bb1d2e" executionId="5ae7a9ca-5335-4be5-802e-b65b5cc7fdef" testListId="8c84fa94-04c1-424b-9868-57a2d4851a1d" />
  </TestEntries>
  <TestLists>
    <TestList name="Results Not in a List" id="8c84fa94-04c1-424b-9868-57a2d4851a1d" />
    <TestList name="All Loaded Results" id="19431567-8539-422a-85d7-44ee4e166bda" />
  </TestLists>
  <ResultSummary outcome="Completed">
    <Counters total="7" executed="7" passed="7" failed="0" error="0" timeout="0" aborted="0" inconclusive="0" passedButRunAborted="0" notRunnable="0" notExecuted="0" disconnected="0" warning="0" completed="0" inProgress="0" pending="0" />
    <Output>
      <StdOut>[xUnit.net 00:00:00.00] xUnit.net VSTest Adapter v3.1.5+1b188a7b0a (64-bit .NET 10.0.5)&#xD;
[xUnit.net 00:00:00.06]   Discovering: Nalix.Network.Tests&#xD;
[xUnit.net 00:00:00.09]   Discovered:  Nalix.Network.Tests&#xD;
[xUnit.net 00:00:00.11]   Starting:    Nalix.Network.Tests&#xD;
     Warning:&#xD;
     The component "Fluent Assertions" is governed by the rules defined in the Xceed License Agreement and&#xD;
     the Xceed Fluent Assertions Community License. You may use Fluent Assertions free of charge for&#xD;
     non-commercial use only. An active subscription is required to use Fluent Assertions for commercial use.&#xD;
     Please contact Xceed Sales mailto:sales@xceed.com to acquire a subscription at a very low cost.&#xD;
     A paid commercial license supports the development and continued increasing support of&#xD;
     Fluent Assertions users under both commercial and community licenses. Help us&#xD;
     keep Fluent Assertions at the forefront of unit testing.&#xD;
     For more information, visit https://xceed.com/products/unit-testing/fluent-assertions/&#xD;
[xUnit.net 00:00:00.20]   Finished:    Nalix.Network.Tests&#xD;
</StdOut>
    </Output>
  </ResultSummary>
</TestRun>